
[Latency (block_no; txs; total (ms); execution (ms); trieUpdate (ms); validation (ms); blockWrite (ms); otherCommit (ms))]
1 5307 191.669 122.425 15.35 8.514 28.633 16.669
2 25322 903.781 510.557 80.846 43.875 167.973 100.45
3 19348 755.522 386.501 67.436 36.78 169.196 95.543
4 19974 869.48 437.401 75.25 35.632 201.581 119.558
5 20530 909.92 440.507 78.541 38.955 233.651 118.204
6 20580 963.263 431.599 86.868 41.686 276.715 126.331
7 15866 779.768 327.78 60.318 36.615 243.027 111.936
8 14690 753.345 336.101 58.122 32.708 232.486 93.845
9 18767 918.099 397.233 75.274 37.795 291.328 116.404
10 16986 879.302 369.695 76.088 35.814 292.497 105.144
11 17611 943.567 420.96 76.216 35.193 290.107 121.028
12 17070 911.819 396.769 69.565 34.094 298.121 113.177
13 20551 1126.0 466.794 92.718 43.801 382.347 140.485
14 17048 944.982 419.661 75.872 35.333 302.986 111.035
15 17574 946.312 414.223 83.962 37.287 296.062 114.689
16 15248 913.584 389.594 72.158 33.997 305.628 112.117
17 19920 1103.0 494.144 88.68 38.185 345.257 137.614
18 20575 1163.0 508.147 86.027 45.503 369.411 154.276
19 16966 1057.0 436.533 88.419 36.993 355.782 139.462
20 17027 1039.0 462.24 70.527 37.264 330.86 138.014
21 18148 1137.0 483.018 99.563 44.195 350.369 160.452
22 19918 1218.0 557.057 91.93 42.107 377.729 149.583
23 20584 1340.0 595.728 96.791 43.483 446.098 158.275
24 19913 1269.0 524.234 92.931 43.074 459.925 149.153
25 19435 1236.0 562.739 90.996 41.974 398.144 143.067
26 17601 993.389 528.541 103.887 37.228 189.64 134.03
27 14078 771.759 392.293 59.17 28.594 166.331 125.313

[Trie Persist Latency (size (MiB); duration (ms); write_performance (KiB/s))]
1.61 17.79652 0.09263833603423591
8.3 119.158831 0.07132664804340016
8.69 134.612732 0.06610489117775278
10.1 170.16771 0.06077768808195162
11.25 197.216431 0.05841298284117107
11.89 237.119853 0.05134686044192175
10.45 208.939041 0.05121493785357232
10.24 194.483229 0.05391601144178864
12.32 249.990541 0.05046462937971721
11.79 245.111636 0.049254944387870675
12.29 257.876837 0.048802211731796594
12.22 256.613466 0.048763146358032514
13.99 340.802656 0.04203535315170783
12.61 269.25191 0.0479574685282641
13.1 262.270561 0.05114718155500495
12.09 269.534419 0.045931647787067965
14.53 304.220141 0.04890774145029404
15.06 324.908492 0.04746394871082655
13.43 319.164214 0.04308853999527653
13.62 287.34518 0.048537024355167525
14.43 311.261403 0.04747238127690377
15.46 333.018452 0.04753802651151594
15.92 357.813868 0.045560224065994
15.79 399.911197 0.04043137606872257
15.71 363.315785 0.04427839544598922
14.88 163.627978 0.09312050534536337
12.94 146.786875 0.09027074116810511
