
[Latency (block_no; txs; total (ms); execution (ms); trieUpdate (ms); validation (ms); blockWrite (ms); otherCommit (ms))]
1 2945 88.347 52.083 9.013 4.753 13.735 8.704
2 14697 519.383 306.8 44.203 25.17 87.212 55.938
3 11737 424.181 229.025 37.583 21.507 86.497 49.504
4 12907 510.568 265.598 50.618 24.468 114.203 55.597
5 12314 558.705 290.725 47.097 24.109 124.736 71.98
6 11730 497.706 231.812 38.687 22.941 139.329 64.876
7 10002 459.977 204.416 42.63 19.725 132.956 60.185
8 8239 414.123 193.92 28.917 15.961 110.199 65.056
9 12338 566.156 244.107 53.471 23.274 166.59 78.642
10 10002 488.92 219.452 46.37 20.766 140.586 61.674
11 10009 528.392 234.718 35.896 18.687 168.2 70.806
12 10554 541.647 228.123 42.596 21.62 168.564 80.688
13 11704 596.481 259.796 51.98 26.135 177.031 81.48
14 10568 557.776 232.104 39.618 20.77 187.632 77.578
15 10583 547.957 224.916 48.577 23.467 171.07 79.837
16 8803 468.061 198.28 40.149 17.755 150.62 61.197
17 12309 707.327 309.283 46.164 29.018 229.644 93.153
18 12901 701.399 313.774 55.401 26.856 212.28 93.024
19 9963 598.724 281.85 42.554 21.068 183.837 69.355
20 9976 627.336 262.634 43.547 25.713 225.543 69.805
21 9973 622.912 280.817 47.079 21.965 194.585 78.406
22 12336 715.154 335.187 49.971 25.588 220.544 83.756
23 12362 710.788 326.233 48.576 24.293 225.955 85.635
24 12353 746.323 324.605 47.548 24.306 252.52 97.256
25 11741 780.324 364.763 58.166 26.18 232.312 98.824
26 10555 657.774 297.71 50.038 22.44 212.668 74.857
27 8843 558.71 239.193 35.873 18.664 197.548 67.339
28 7634 502.114 217.053 39.583 16.303 167.712 61.401
29 10567 649.323 293.458 42.786 21.358 214.676 76.986
30 11762 800.356 343.129 51.627 25.28 284.928 95.324
31 8841 569.216 241.028 44.639 22.626 195.772 65.088
32 7611 518.472 220.517 37.917 17.067 174.543 68.364
33 10001 652.175 280.807 40.647 21.486 214.26 94.899
34 8798 630.928 280.817 36.869 19.121 205.974 88.059
35 9989 661.963 287.36 41.591 28.037 208.822 96.088
36 8811 612.205 258.586 42.895 19.457 197.98 93.22
37 8205 607.817 268.507 40.858 23.802 207.671 66.89
38 8195 612.679 239.037 34.476 18.016 241.808 79.252
39 10544 748.758 329.468 42.79 22.148 249.993 104.265
40 9959 579.259 297.668 51.757 22.273 118.83 88.676
41 7616 500.955 256.086 38.867 19.539 106.8 79.608

[Trie Persist Latency (size (MiB); duration (ms); write_performance (KiB/s))]
0.882509765625 8.693929 0.1039449482506701
5.01 61.769497 0.0830545859876437
5.22 62.5333 0.085478936822461
6.38 93.880651 0.06958963247922088
6.87 106.608871 0.06598775443368123
7.13 118.836715 0.06143825163797232
6.79 108.469817 0.06410041237554591
6.17 94.052338 0.06717621416279944
8.32 146.16589 0.05828774415152537
7.53 122.052484 0.06317544508147822
7.69 150.833125 0.05220709973356317
8.15 144.820718 0.05762711382220879
8.87 154.418164 0.05882002327135556
8.45 159.104511 0.05438437883134564
8.56 150.355724 0.058298013316739436
7.74 131.83279 0.060119792655529795
9.67 199.799735 0.04956002569272677
10.09 187.909983 0.05498462527134601
8.66 162.174648 0.054680803130215526
8.77 204.976851 0.04381216686756496
8.87 172.581632 0.05262947102041542
10.2 193.838242 0.05388410404588791
10.26 193.573233 0.054275272656111505
10.41 228.044525 0.04674455569586685
10.15 197.243131 0.05269435719918683
9.56 190.610225 0.05135842004278627
8.6 174.689544 0.05041171783011809
7.89 146.808574 0.05503329798707806
9.77 182.831391 0.05471970620187427
10.54 250.040607 0.043164828823183905
8.79 175.854435 0.051184151255554054
7.98 149.010355 0.05483860500835663
9.63 187.098904 0.052705386237858455
8.89 180.094202 0.05054776832848845
9.71 180.969807 0.054943087826799755
9.01 177.716755 0.05191542013019537
8.67 183.842991 0.048291642513583775
8.67 222.950274 0.039820897461646534
10.3 220.401999 0.04785437540428116
10.01 97.93397 0.10466480629754925
8.38 89.096774 0.09631235357634836
