
[Latency (block_no; txs; total (ms); execution (ms); trieUpdate (ms); validation (ms); blockWrite (ms); otherCommit (ms))]
1 1185 47.342 26.091 5.953 2.961 6.941 5.34
2 3511 118.417 69.729 11.746 6.1 18.369 12.43
3 5287 183.431 96.327 18.348 9.642 35.831 23.23
4 3521 149.106 80.61 14.028 7.452 30.514 16.442
5 3524 147.051 75.695 13.486 7.01 32.597 18.2
6 4112 179.094 98.32 13.868 7.432 39.145 20.268
7 4031 160.108 77.352 13.239 7.56 40.661 21.246
8 2346 97.909 42.642 9.206 4.419 27.844 13.724
9 3527 161.445 78.969 11.878 6.838 44.327 19.374
10 4097 175.13 75.372 13.796 8.003 47.25 30.66
11 3517 165.556 64.866 12.203 6.549 48.933 32.958
12 2939 133.055 61.24 11.625 5.811 37.502 16.829
13 3975 208.232 110.021 14.914 8.084 51.819 23.34
14 4078 192.721 85.62 14.115 7.95 54.826 30.156
15 2942 136.171 56.317 12.342 5.631 43.605 18.223
16 2931 169.583 84.653 10.482 5.361 50.323 18.704
17 4119 224.175 98.524 17.334 11.526 60.639 36.092
18 4138 196.918 82.61 17.69 8.949 60.165 27.449
19 3453 173.229 75.659 16.231 10.186 49.177 21.925
20 2931 178.776 71.991 13.283 7.585 56.271 29.588
21 3487 180.775 72.536 14.18 9.891 56.404 27.708
22 4682 257.892 122.741 20.688 12.477 70.825 31.102
23 3527 198.07 74.084 15.406 7.298 63.154 38.061
24 4102 224.268 85.792 15.15 7.835 82.255 28.454
25 4696 239.509 92.986 19.626 9.921 83.814 33.11
26 2928 171.943 72.449 11.761 6.033 59.582 22.066
27 2349 166.909 62.098 11.763 6.475 59.916 26.604
28 2350 153.814 60.514 10.769 5.029 50.193 27.259
29 4103 250.522 113.106 16.08 7.844 85.101 28.316
30 4097 226.293 87.988 18.118 8.695 77.35 34.094
31 2346 129.845 51.1 10.796 4.951 43.787 19.165
32 2929 199.819 90.958 11.385 5.61 58.478 33.334
33 3521 195.566 81.23 15.995 7.184 64.54 26.561
34 2936 180.329 73.689 11.345 8.515 59.307 27.42
35 2927 170.505 66.546 13.563 6.161 61.054 23.127
36 2938 185.143 84.43 13.298 6.192 59.121 22.047
37 3537 215.15 80.6 13.43 7.17 86.372 27.511
38 2338 140.097 54.277 11.046 5.05 50.131 19.53
39 2932 200.955 85.462 14.005 6.906 61.454 33.062
40 2911 184.963 78.317 15.344 6.367 62.14 22.738
41 2943 199.761 80.493 13.951 6.269 63.979 35.016
42 4692 271.937 116.389 25.572 9.971 86.619 33.334
43 3505 242.85 102.753 18.471 8.774 75.742 37.055
44 3526 220.57 96.541 15.671 8.299 72.707 27.301
45 4108 268.478 113.066 15.753 9.229 98.32 32.059
46 3525 267.941 145.785 14.811 7.049 72.651 27.588
47 2340 193.095 99.69 11.375 4.955 53.48 23.544
48 2346 161.223 63.121 11.202 5.005 54.37 27.45
49 4698 328.824 143.296 21.159 10.228 114.3 39.778
50 3520 248.786 111.279 20.617 7.999 80.725 28.108
51 2351 179.912 68.253 11.698 5.147 65.38 29.384
52 3512 249.728 112.075 15.203 7.74 83.577 31.056
53 4113 298.389 122.942 19.685 9.14 95.641 50.916
54 4685 315.081 138.171 24.365 12.263 103.938 36.284
55 2348 196.574 87.383 9.853 4.69 60.739 33.853
56 2944 267.348 113.938 14.357 6.297 97.953 34.75
57 3515 243.287 116.683 15.328 7.304 75.794 28.129

[Trie Persist Latency (size (MiB); duration (ms); write_performance (KiB/s))]
0.3559765625 4.257962 0.0856090307992415
1.27 12.014715 0.10824060329354462
2.28 27.081234 0.08621172875652565
1.88 22.964787 0.08382921208892553
2.0 26.208244 0.07814335061898844
2.41 33.35052 0.07399704712250363
2.48 33.208764 0.07647137966351292
1.75 23.066742 0.07768760755203313
2.42 37.528096 0.06603265990366258
2.81 38.692419 0.07436702264596069
2.62 42.148097 0.06365364490833358
2.37 31.494621 0.07705696791842645
3.02 40.971251 0.07547926715735381
3.2 46.413502 0.07060014562141853
2.56 38.559204 0.06798480591041248
2.65 40.681616 0.06670334826423807
3.45 50.922746 0.06937567742320888
3.5 50.580087 0.0708579247797656
3.15 43.377469 0.07436118506591521
2.85 48.413844 0.06028027850876704
3.3 48.363642 0.06987066854890704
4.12 61.305386 0.06881744452273737
3.44 54.872679 0.06419515256399273
3.9 74.468794 0.05362783235082334
4.33 69.998807 0.06334279382790052
3.09 48.919585 0.06468084306111754
2.67 53.230523 0.05136301215751722
2.68 44.007307 0.062360552987257324
4.11 66.082801 0.06368737305793076
4.13 67.302355 0.06283762284395544
2.73 37.905529 0.07374966327471646
3.26 50.218338 0.06647452171754469
3.74 57.306752 0.06682912338148217
3.31 51.712898 0.06554341626725309
3.32 51.446418 0.06608195734832306
3.36 51.626937 0.06664427912893613
3.84 77.199387 0.050935119471868344
2.83 43.57077 0.0665106446363009
3.41 53.804459 0.06489871034666476
3.42 53.550281 0.06539797615627825
3.45 55.991306 0.06309550986362061
4.88 77.026416 0.0648754058607634
4.04 66.197158 0.06249452582239256
4.0 64.865459 0.06314608827480894
4.49 89.616374 0.05130490997102829
4.1 64.876097 0.06471412730022892
3.01 47.062649 0.06549227605101447
3.03 47.743456 0.06498733564658578
5.08 96.040887 0.054163598051733944
4.12 71.916851 0.05866330270773397
3.07 58.514856 0.05372447639621637
4.15 75.347783 0.05639980143808611
4.64 84.005148 0.05656034318277732
5.16 92.852315 0.056905850974205655
3.12 52.642258 0.06069040579528333
3.71 89.340569 0.04252312294988853
4.22 67.951441 0.06359364770498391
