
[Latency (block_no; txs; total (ms); execution (ms); trieUpdate (ms); validation (ms); blockWrite (ms); otherCommit (ms))]
1 3523 119.584 68.831 11.718 6.418 18.882 13.676
2 7638 270.727 145.84 25.52 16.664 51.279 31.376
3 8816 338.498 182.438 32.334 16.333 69.461 37.88
4 7078 276.496 141.754 21.94 15.493 63.174 34.071
5 8812 358.876 178.419 32.008 17.312 87.656 43.428
6 8216 355.739 152.112 27.144 15.685 92.3 68.441
7 6459 284.72 138.16 21.872 12.912 73.877 37.834
8 5291 229.934 101.453 18.764 11.171 66.063 32.433
9 8241 395.206 178.529 37.38 16.17 112.62 50.455
10 5879 260.159 110.954 22.273 13.804 75.905 37.171
11 7643 370.029 162.865 28.805 15.311 114.097 48.893
12 7635 354.444 147.516 31.465 15.543 111.828 48.033
13 7040 366.656 148.7 35.62 15.039 116.522 50.718
14 7606 420.237 205.623 34.661 15.827 114.834 49.234
15 5880 314.712 137.292 27.744 13.087 96.287 40.249
16 7078 394.649 159.417 30.864 14.362 139.836 50.118
17 7631 409.72 178.962 30.789 17.123 126.059 56.726
18 8806 514.812 252.773 32.246 17.704 144.369 67.666
19 6451 374.624 162.187 23.959 12.534 125.931 49.953
20 7022 397.267 164.211 28.521 14.661 124.473 65.343
21 7059 427.259 198.361 27.648 15.977 134.027 51.188
22 7613 428.8 175.413 34.605 15.677 146.043 56.996
23 8227 487.659 199.97 37.781 16.516 173.133 60.201
24 7633 434.664 196.438 32.701 16.566 133.885 55.023
25 8220 486.356 214.262 38.573 17.155 158.03 58.253
26 6480 392.75 169.59 29.796 14.643 129.763 48.889
27 5890 357.789 149.002 23.387 12.137 128.16 45.045
28 5279 342.306 140.158 26.457 10.482 116.294 48.856
29 7035 474.645 202.818 33.222 15.012 171.378 52.158
30 7628 456.225 199.34 37.447 15.31 148.651 55.421
31 6456 408.412 175.703 24.716 13.416 129.539 64.976
32 4684 300.754 131.626 22.242 9.91 99.876 37.05
33 7617 511.69 218.589 30.802 16.053 174.202 71.984
34 4692 319.257 136.097 18.919 9.631 103.57 50.983
35 7611 509.591 246.538 31.019 15.376 161.533 55.064
36 4723 348.798 143.696 22.994 10.614 129.684 41.736
37 5866 429.415 205.564 23.77 11.472 131.106 57.442
38 5287 363.487 165.719 24.758 12.352 117.409 43.187
39 7045 458.665 218.059 29.341 14.089 143.441 53.674
40 6451 437.977 196.057 25.787 12.592 141.962 61.519
41 5299 393.454 185.015 29.312 11.848 120.237 46.98
42 8796 599.703 297.376 34.933 17.441 180.565 69.325
43 8227 582.586 280.636 38.482 18.354 182.842 62.203
44 7656 517.49 232.498 44.732 17.139 155.85 67.213
45 8217 620.436 294.387 33.477 16.719 207.468 68.324
46 5261 363.515 168.556 21.422 10.803 116.691 45.983
47 5875 437.964 218.158 24.349 11.66 135.898 47.815
48 4689 344.541 165.367 21.715 10.227 109.783 37.393
49 8197 598.738 284.659 38.838 19.329 184.525 71.298
50 7051 504.747 233.015 37.678 18.777 158.236 56.977
51 5871 446.734 207.167 28.911 13.206 143.753 53.621
52 8221 595.491 284.932 34.843 17.807 189.522 68.307

[Trie Persist Latency (size (MiB); duration (ms); write_performance (KiB/s))]
1.06 10.914317 0.09945102382494479
2.96 34.203767 0.08861713974370133
3.86 53.834775 0.0734216870043573
3.71 52.523862 0.07232979174303672
4.74 73.14904 0.06635439098038745
4.9 76.030453 0.06599460876551663
4.41 60.567897 0.07455830933010602
4.02 57.647774 0.07140744064115988
5.64 98.490416 0.058638801972366525
4.63 64.864492 0.07309268682779478
5.74 99.540383 0.05904899923883154
5.93 94.69317 0.06412627225384893
5.77 99.642378 0.05929685861170435
6.19 100.956895 0.06278481524218826
5.25 85.664735 0.06275627888185262
6.08 121.165078 0.051383782379936245
6.51 108.453886 0.061466123952441866
7.28 123.187062 0.06051544601331592
6.06 113.946462 0.05445925999878785
6.44 111.182875 0.05931273138961374
6.53 116.521269 0.05738626138718074
6.95 127.237822 0.05593305424545856
7.39 152.99144 0.04946263660241383
7.09 114.796429 0.06324377912487156
7.5 141.460996 0.05429058339162267
6.44 112.845003 0.05843909632400825
6.08 115.391736 0.05395464368436229
5.68 104.909072 0.05544153512291101
6.97 155.872726 0.045789152362678255
7.4 132.743491 0.05708453154964864
6.63 114.954625 0.059059128764936596
5.35 87.187227 0.06283489208803486
7.46 153.476274 0.049773426217006034
5.34 89.868689 0.06084610848167597
7.59 145.112956 0.053559380321630275
5.49 114.49706 0.0490996013347417
6.4 117.833038 0.05561767829494475
5.98 101.807867 0.06014780763455147
7.3 127.831342 0.05847705173900153
6.87 127.304445 0.055260285687589304
6.04 105.361241 0.058702421699835514
8.52 161.063425 0.05416797761502961
8.22 160.134461 0.05256382634591065
7.85 134.683223 0.059683751405325364
8.32 188.658619 0.04515924077659023
6.16 102.998367 0.06124213600396208
6.64 121.369245 0.05602210016219512
5.69 98.23045 0.059315212339961794
8.46 161.098402 0.05377483508495634
7.65 137.693807 0.0568914475579864
6.79 126.364271 0.055023148117556105
8.49 170.720489 0.0509239403596132
