
[Latency (block_no; txs; total (ms); execution (ms); trieUpdate (ms); validation (ms); blockWrite (ms); otherCommit (ms))]
1 4104 135.438 78.232 16.924 7.502 21.614 11.112
2 18240 664.391 388.722 56.138 32.172 108.59 78.7
3 15861 622.615 327.693 49.073 28.533 132.373 84.881
4 16406 663.558 331.86 68.342 34.093 147.887 81.314
5 15839 723.868 359.292 51.665 31.14 192.175 89.537
6 17036 750.255 345.221 63.278 34.646 205.419 101.624
7 13526 621.573 279.639 60.43 27.787 171.117 82.548
8 11192 538.837 246.922 44.871 21.207 160.096 65.68
9 15857 798.275 358.652 58.576 31.291 254.354 95.318
10 13515 661.637 273.123 63.635 28.874 212.843 83.089
11 13524 674.03 290.225 59.614 30.68 207.182 86.27
12 13494 762.904 378.513 56.456 27.876 215.873 84.122
13 16423 940.269 409.103 71.108 38.22 301.547 120.184
14 12914 669.098 290.024 49.184 26.121 213.872 89.807
15 14099 823.311 389.752 60.527 29.436 240.464 103.034
16 13460 808.575 340.537 52.149 27.514 284.361 103.948
17 15882 897.982 394.283 65.759 33.523 277.56 126.735
18 17025 1012.0 478.517 80.775 37.452 298.782 117.315
19 12924 823.793 375.788 56.919 27.028 272.431 91.544
20 14044 855.067 378.462 68.451 31.043 273.826 103.218
21 12937 784.659 354.32 51.929 27.613 245.378 105.355
22 15849 947.185 408.41 73.206 35.224 309.078 121.181
23 15840 1032.0 466.334 65.834 35.811 350.774 113.466
24 17617 1064.0 485.992 82.6 35.536 343.362 117.183
25 15846 1008.9999999999999 470.985 74.759 33.234 312.671 117.746
26 14071 872.68 379.102 67.94 38.243 275.611 111.699
27 10548 664.069 286.871 43.493 21.54 235.522 76.559
28 10576 684.313 292.133 52.83 21.784 236.145 81.35
29 13492 926.58 372.974 58.948 35.937 356.584 102.042
30 15856 1016.9999999999999 436.488 66.927 31.947 365.585 116.579
31 10561 625.905 281.373 63.042 23.22 174.976 83.24
32 11750 675.004 363.331 49.827 24.743 143.922 93.129
33 14099 796.377 415.115 59.433 28.483 188.341 104.917

[Trie Persist Latency (size (MiB); duration (ms); write_performance (KiB/s))]
1.23 12.345871 0.10201953349423462
6.14 81.097067 0.07752882111013953
6.93 110.063353 0.06447486657979609
8.21 120.430922 0.06980798502896127
8.79 154.33865 0.05831954601131991
9.88 173.751839 0.058227412487991
8.92 150.60883 0.06064770571552809
8.16 141.860976 0.058901610827772684
10.51 221.711449 0.048541651991999744
9.74 188.154283 0.05300841331366345
9.91 183.671896 0.0552498243933846
10.12 187.954157 0.05513514659853998
11.62 254.161343 0.046816246166908236
10.15 189.484217 0.05485206190022676
10.85 212.523545 0.05227844284265068
10.7 251.901759 0.04349632191333765
11.98 245.248536 0.050020767504194194
12.72 254.263947 0.05122739638742413
10.79 230.129803 0.04801186050639429
11.47 237.90498 0.04936962647860504
11.0 217.530239 0.051781306598021985
12.65 269.43593 0.048076735719694105
12.78 267.65659 0.04889369620975893
13.85 305.674815 0.046397018347749716
13.06 271.133469 0.04932419464599555
12.21 244.838692 0.05106643846961901
10.19 211.277743 0.04938788086163908
10.29 212.497432 0.04958629335341803
12.07 325.778401 0.03793891787196783
13.53 325.508975 0.042563250368135006
10.46 161.978821 0.0661261758412231
11.26 116.246681 0.09918769207698928
12.79 158.822591 0.08246282797388692
