
[Latency (block_no; txs; total (ms); execution (ms); trieUpdate (ms); validation (ms); blockWrite (ms); otherCommit (ms))]
1 2 0.472166 0.26578399999999996 0.021460999999999997 0.026739000000000002 0.08256699999999999 0.042772
2 15305 632.472 365.944 60.396 32.269 112.731 61.066
3 12334 538.737 305.062 53.463 22.739 93.231 64.187
4 12902 553.637 316.736 48.919 27.911 93.075 66.934
5 12326 583.051 300.547 58.883 26.158 110.879 86.474
6 11751 605.898 323.524 58.934 29.591 114.028 79.769
7 9988 503.204 270.666 45.372 19.225 103.396 64.475
8 8825 465.346 220.829 51.396 18.776 100.738 73.556
9 11756 597.582 292.629 67.207 27.538 132.565 77.583
10 10593 567.664 284.122 48.596 26.376 132.206 76.316
11 10570 529.232 264.986 41.243 23.201 112.904 86.844
12 9391 485.291 240.125 43.249 18.201 110.216 73.445
13 12305 611.103 304.069 50.012 32.083 129.406 95.479
14 9991 529.011 247.644 52.38 23.947 121.704 83.275
15 9971 555.017 272.471 51.027 21.086 125.505 84.873
16 9969 564.384 276.426 45.272 21.549 138.503 82.571
17 11738 665.851 313.946 62.956 23.582 169.379 95.929
18 12325 696.13 342.385 62.244 23.734 170.223 97.494
19 9989 540.368 269.119 57.805 27.552 105.146 80.679
20 10569 620.198 320.371 47.919 20.168 146.962 84.725
21 9429 560.505 276.849 42.456 24.361 125.244 91.54
22 13529 761.831 400.086 68.614 29.909 158.898 104.258
23 12356 711.705 367.257 61.627 30.025 159.474 93.256
24 11150 648.645 321.273 51.952 22.031 148.952 104.369
25 12306 807.078 409.633 67.757 29.436 168.289 131.891
26 10544 675.878 366.284 50.84 21.207 153.252 84.238
27 8232 541.025 278.036 37.879 21.762 126.562 76.724
28 7649 522.08 274.187 47.374 17.257 118.36 64.834
29 10569 653.415 331.444 46.009 27.805 168.961 79.139
30 11757 765.558 403.13 53.156 24.694 180.428 104.091
31 8817 629.654 345.286 45.538 18.026 141.13 79.62
32 7630 496.384 238.154 39.335 21.879 124.101 72.855
33 10553 782.444 386.928 47.507 26.346 215.198 106.409
34 7651 464.6 263.81 31.597 16.356 73.431 79.353
35 9988 647.689 354.69 49.899 26.978 114.364 101.701
36 8824 571.597 307.254 48.484 18.783 111.494 85.529
37 8806 568.928 287.609 37.574 22.96 133.65 87.08
38 8818 567.654 266.362 48.138 19.06 153.048 80.994
39 9415 594.277 291.579 45.707 21.907 148.155 86.863
40 10014 633.31 320.221 46.662 24.257 149.136 92.977
41 8801 594.539 313.946 37.531 22.63 136.501 83.878

[Trie Persist Latency (size (MiB); duration (ms); write_performance (KiB/s))]
0.0003962516784667969 0.018455 0.021986546667569766
4.55 64.20651 0.07256585040987278
5.25 61.214643 0.0878221245201087
6.26 64.817681 0.09889647239925169
6.76 80.809795 0.08566090286455992
7.1 73.669911 0.09868886634056068
6.73 79.275019 0.08693179878014284
6.42 78.685054 0.08354928497602608
8.01 108.678744 0.07547234811620569
7.78 114.413291 0.06963107109645156
7.97 92.007806 0.0887020390422091
7.49 94.07317 0.0815297284018387
9.13 109.019939 0.08575605605503045
8.12 103.216101 0.08055797418660486
8.27 107.802056 0.07855583014112458
8.34 117.401267 0.07274333759958485
9.37 149.512213 0.06417455676346653
9.8 152.36396 0.06586334458621318
8.67 88.416944 0.1004115229316227
9.09 124.671072 0.07466174671218036
8.51 105.253103 0.08279318852955812
10.79 131.939527 0.08374260732342931
10.27 131.833918 0.07977067024587708
9.71 125.200152 0.07941715597917166
10.43 142.817863 0.07478280220451136
9.59 134.884013 0.07280447683596128
8.2 107.246618 0.07829431040893056
7.84 102.903692 0.07801624843547887
9.75 141.651585 0.07048279763336215
10.49 156.51964 0.06862883149999578
8.78 123.985865 0.07251407247108368
8.0 107.802393 0.07599089196470805
9.99 141.56108 0.07226393017063729
8.14 60.915525 0.13683473958403872
9.72 96.89031 0.10272730059383649
9.01 97.493521 0.09463439114072
9.03 116.812306 0.07915878315080946
9.06 137.375292 0.06753354162115266
9.48 133.836801 0.07253251667304869
9.96 131.387425 0.07762569363087829
9.25 122.261097 0.07747354009100703
