
[Latency (block_no; txs; total (ms); execution (ms); trieUpdate (ms); validation (ms); blockWrite (ms); otherCommit (ms))]
1 4124 247.57 105.052 36.74 14.156 55.55 35.981
2 19372 762.903 434.716 77.476 36.031 135.342 79.278
3 15855 650.615 345.277 84.285 33.483 103.003 84.513
4 16437 762.785 424.919 68.466 30.411 140.694 98.236
5 15835 719.409 368.054 77.505 33.037 142.475 98.241
6 16455 780.125 394.692 72.599 32.836 161.797 118.117
7 13490 685.731 325.615 58.761 34.393 163.663 103.235
8 10590 552.622 301.182 53.547 20.739 90.092 87.01
9 15886 826.743 413.217 74.038 39.906 166.751 132.754
10 13537 690.23 342.033 72.031 38.68 143.952 93.476
11 14105 779.273 392.295 76.999 30.492 167.467 111.947
12 14074 742.383 378.667 56.194 33.899 175.114 98.445
13 15230 859.528 429.535 79.864 29.771 201.389 118.897
14 14092 752.64 365.757 56.12 35.295 187.541 107.852
15 12934 688.67 360.834 64.46 26.292 134.414 102.582
16 14074 793.527 397.971 60.437 33.239 185.285 116.533
17 15856 877.861 447.606 67.581 36.821 200.694 125.074
18 16447 920.922 465.46 70.668 38.665 208.237 137.793
19 13494 804.198 411.108 75.223 40.516 170.136 107.157
20 13504 792.664 396.07 64.936 37.305 182.695 111.603
21 12915 825.985 421.59 76.677 39.889 182.812 104.956
22 16428 1054.0 565.67 94.95 47.827 218.322 127.504
23 15876 971.412 487.273 84.367 32.888 233.782 133.033
24 17016 1014.0 508.43 74.391 41.171 252.78 137.434
25 15846 1004.9999999999999 503.391 77.424 35.678 235.601 152.976
26 13470 851.493 430.084 66.335 38.337 199.475 117.204
27 11177 656.167 359.381 46.765 24.993 127.436 97.532
28 11177 702.52 358.482 56.748 25.969 150.433 110.83
29 13506 861.154 428.787 72.473 29.015 212.722 118.095
30 15886 977.815 485.382 89.749 33.327 224.997 144.302
31 11759 727.998 360.231 47.287 24.451 193.767 102.194
32 10573 651.438 304.332 54.726 28.724 155.871 107.731

[Trie Persist Latency (size (MiB); duration (ms); write_performance (KiB/s))]
1.25 19.644769 0.0651572945449244
6.46 84.531323 0.07825548879673869
7.03 75.585246 0.09523975089000836
8.26 115.604276 0.07316545972745853
8.84 110.643373 0.08181384708870001
9.66 126.067761 0.07846446959583903
8.94 117.492178 0.07791633584322523
7.89 69.488404 0.11626918356046857
10.47 142.786949 0.0750858539599442
9.7 116.524953 0.08524182798855108
10.2 136.120424 0.07673205602121837
10.36 146.186994 0.07256897285951443
11.12 172.473463 0.06602105507674533
10.72 157.880037 0.06952924643664735
10.3 114.607226 0.0920291012016991
10.96 151.3306 0.07416239676575656
12.0 164.449645 0.07472196124230004
12.47 162.917739 0.0783786963800179
11.09 143.794437 0.07897496062382442
11.26 153.826155 0.07495630375731617
10.98 158.398185 0.07098263152447107
12.98 190.692324 0.06970138976333415
12.82 203.899042 0.06438323530720659
13.51 215.514334 0.0641917395619727
13.04 206.141635 0.06477565776559402
11.85 116.833988 0.1038601883554638
10.53 108.520916 0.09936075364494712
10.67 132.119173 0.08269867084317885
12.09 190.846597 0.06486969217480991
13.57 192.818484 0.07206611996804206
11.21 162.598034 0.07059765556574933
10.5 138.5183 0.07762151282538118
