
[Latency (block_no; txs; total (ms); execution (ms); trieUpdate (ms); validation (ms); blockWrite (ms); otherCommit (ms))]
1 11180 438.714 262.346 44.523 19.067 73.079 39.64
2 20516 845.611 489.741 86.66 36.086 140.779 92.281
3 20562 875.832 482.989 101.178 40.476 142.532 108.598
4 19945 914.794 472.195 85.734 41.294 182.118 133.39
5 20553 940.29 462.166 97.314 52.412 193.311 135.008
6 19975 967.956 479.158 100.49 40.054 212.734 135.43
7 16473 820.191 418.989 74.652 37.476 165.339 123.665
8 13498 703.739 338.396 78.753 30.489 146.237 109.807
9 19945 1051.0 548.388 82.882 48.719 232.326 139.269
10 17663 912.522 443.922 85.343 35.056 209.809 138.326
11 17603 946.005 448.932 97.669 37.288 230.349 131.695
12 17009 905.877 451.856 86.895 36.322 197.291 133.413
13 23439 1266.0 657.811 124.129 51.436 268.299 164.725
14 23468 1260.0 633.994 119.486 59.836 275.7 171.019
15 17026 962.939 467.763 82.053 35.154 231.152 146.748
16 17586 1006.9999999999999 500.555 97.778 38.661 235.022 135.813
17 19397 1115.0 547.704 93.391 41.345 276.197 156.324
18 20535 1187.0 587.892 99.245 50.994 295.889 153.281
19 17583 1014.9999999999999 504.664 82.722 34.291 256.995 136.952
20 15866 908.311 431.999 81.55 32.782 243.267 118.638
21 17018 1064.0 523.75 76.005 38.814 276.867 148.925
22 20000 1169.0 630.017 101.509 42.099 209.299 186.377
23 21192 1193.0 595.053 102.132 46.557 273.097 176.968
24 19367 1100.0 503.648 110.578 43.823 277.91 164.559
25 19975 1134.0 550.044 101.898 42.648 264.215 175.411
26 17014 978.757 471.681 92.237 36.399 237.28 141.092
27 15304 943.233 463.329 83.552 43.132 220.394 132.749

[Trie Persist Latency (size (MiB); duration (ms); write_performance (KiB/s))]
3.39 39.708985 0.08742001337984338
7.51 101.85306 0.07550327893928764
9.21 108.17945 0.08717958909940844
10.19 127.637447 0.08175155681388707
11.31 150.327833 0.07704122229979861
11.73 169.92701 0.07068634939201249
10.79 136.924372 0.08069388844814274
9.75 122.934566 0.0812139362008241
12.83 185.942363 0.07065587307826135
12.06 173.611663 0.07113254827816493
12.31 191.827262 0.06571245332167647
12.26 160.592983 0.0781742748996698
15.32 224.519496 0.06987223951366789
15.67 225.874105 0.07103992730817904
12.95 190.161597 0.06973437439106067
13.32 202.2016 0.06745584604671773
14.4 239.106031 0.06166971171045034
15.17 237.390886 0.06543671604983184
13.92 214.786184 0.06636404509146641
13.12 207.0563 0.06488515442418318
13.85 247.101574 0.057395020883193565
15.56 178.942833 0.08904206853593293
16.37 234.121678 0.07159900844380587
15.6 232.654709 0.06866140843940537
16.13 231.692263 0.07128904429579506
14.61 200.324322 0.07468209476830277
13.67 185.692838 0.07538298272979166
