
[Latency (block_no; txs; total (ms); execution (ms); trieUpdate (ms); validation (ms); blockWrite (ms); otherCommit (ms))]
1 5276 242.753 136.564 24.643 11.282 49.071 21.136
2 7074 308.262 182.47 28.526 13.184 53.93 30.105
3 8259 413.605 240.923 38.375 16.616 69.909 47.717
4 8235 414.961 229.387 39.643 14.891 84.211 46.776
5 8216 391.812 225.074 34.221 15.732 64.88 51.853
6 7641 402.316 214.073 32.622 16.486 83.136 55.948
7 6461 389.368 200.122 36.726 12.862 85.424 54.188
8 5881 316.792 185.333 22.603 11.084 51.455 46.266
9 8789 434.415 226.687 37.109 19.943 88.023 62.598
10 5871 305.799 160.676 21.822 14.254 66.154 42.844
11 7618 416.814 217.16 34.598 23.499 84.938 56.547
12 5870 337.238 164.222 26.213 17.839 72.664 56.245
13 8797 502.744 276.798 48.18 15.956 94.316 67.44
14 5869 317.055 140.647 34.737 18.41 76.18 47.029
15 7620 404.946 203.811 36.644 16.016 86.272 62.153
16 5872 306.514 142.717 28.183 12.796 71.185 51.583
17 8824 436.047 213.508 41.536 19.353 100.216 61.385
18 8768 470.566 226.493 49.568 22.529 100.104 71.819
19 5887 347.247 168.507 25.234 12.327 86.534 54.593
20 7638 421.171 203.967 40.668 17.036 101.146 58.3
21 5867 344.08 165.056 28.25 13.513 79.965 57.247
22 8229 508.241 265.845 37.328 16.575 125.016 63.388
23 7619 445.175 214.532 36.097 23.935 105.235 65.321
24 8806 525.879 256.435 46.049 18.523 134.456 70.354
25 7650 487.237 268.766 35.393 16.259 104.622 62.144
26 7028 448.921 243.669 42.724 15.391 77.495 69.58
27 5286 373.065 199.425 22.917 11.247 89.594 49.822
28 5863 366.674 178.347 26.322 14.965 82.618 64.372
29 7047 450.429 228.858 35.868 14.919 98.525 72.196
30 7645 536.029 302.727 47.481 16.668 111.53 57.563
31 5290 350.09 178.892 28.418 12.722 74.892 55.109
32 5276 340.164 164.85 25.983 15.897 82.578 50.804
33 7036 444.473 222.226 30.165 19.393 98.122 74.508
34 5880 384.214 201.651 30.891 12.173 87.027 52.376
35 7053 504.144 285.587 35.54 18.441 102.311 62.208
36 5299 362.384 195.893 21.399 10.377 91.285 43.379
37 5277 360.576 173.595 29.467 11.164 85.898 60.397
38 5851 402.977 195.765 33.181 12.863 105.546 55.568
39 7041 457.314 247.662 28.888 13.903 112.313 54.494
40 6474 455.497 236.332 26.257 13.277 115.871 63.687
41 4683 338.485 187.884 21.713 10.31 79.763 38.757
42 8790 637.884 347.869 43.632 19.924 136.0 90.402
43 8238 568.697 299.144 40.571 17.469 136.887 74.575
44 7636 514.503 265.292 33.333 16.035 135.334 64.449
45 8222 558.424 301.827 40.61 17.145 128.133 70.654
46 5275 372.014 184.186 27.719 11.212 92.417 56.424
47 5268 414.148 213.17 23.138 11.93 119.784 46.075
48 5874 384.166 228.957 24.237 12.754 71.311 46.857
49 8814 575.643 337.491 43.845 20.357 96.305 77.591
50 5871 410.222 237.541 25.003 12.265 76.918 58.444
51 6458 459.302 252.868 36.685 13.043 89.922 66.737

[Trie Persist Latency (size (MiB); duration (ms); write_performance (KiB/s))]
1.6 25.457159 0.06435910621448372
2.92 33.264068 0.08988918613321738
3.72 51.223528 0.07436582657875498
4.19 71.969026 0.05961675790915943
4.57 50.706349 0.09228982350908364
4.73 71.221526 0.06800640581612925
4.42 56.798364 0.07968680224662808
4.33 41.080631 0.10793212986431491
5.93 75.070126 0.08088863471469329
4.7 54.924881 0.08762513295204044
5.78 69.845554 0.08474011101694462
4.96 59.871428 0.0848324512988065
6.65 80.542753 0.0845464023311942
5.19 68.39355 0.0777055731132541
6.3 69.175023 0.09325909439885549
5.4 61.396735 0.09006342112491814
7.21 79.605891 0.09274489497265974
7.29 85.990603 0.08681134611883116
5.65 75.39624 0.07673592210964367
6.79 88.128929 0.07889531937917911
5.77 70.736919 0.08352752824872116
7.26 99.959012 0.07437288395767656
7.01 89.391917 0.08030077260788579
7.77 114.592288 0.06943294473708388
7.14 57.944189 0.12617934820004126
6.85 65.120574 0.10771403826999434
5.68 78.853411 0.07376117185342813
6.17 71.448115 0.08842892496184118
6.95 81.484847 0.08733893799911042
7.39 94.125329 0.08039663797616048
5.8 64.579836 0.09196678666077751
5.8 72.945426 0.08141977263934273
7.12 84.947578 0.0858279914702218
6.29 74.776289 0.08613639545551666
7.16 89.121367 0.08226803792181508
5.92 78.990511 0.07674440794540499
5.95 75.437196 0.08076652265813274
6.41 92.576212 0.07090201530388822
7.32 93.330253 0.0803135077754477
6.93 97.412224 0.07284835217395302
5.55 69.012324 0.082350508874328
8.6 115.972728 0.0759350939817506
8.23 119.357207 0.07060755032580479
7.92 116.586228 0.06956293328230843
8.27 113.668682 0.07450143567249244
6.19 81.981999 0.07731648504935822
6.18 105.471646 0.06000020138113706
6.68 54.323201 0.12591894207412407
8.84 85.616363 0.10572932185871992
6.78 68.133294 0.10189908035269804
7.24 79.085539 0.09374356037454584
