
[Latency (block_no; txs; total (ms); execution (ms); trieUpdate (ms); validation (ms); blockWrite (ms); otherCommit (ms))]
1 2955 161.871 69.28 11.15 4.395 32.782 44.21
2 2940 131.382 80.416 11.482 4.667 19.347 15.419
3 4103 251.414 132.252 33.945 12.109 47.443 25.595
4 4683 249.201 154.748 22.015 8.407 38.303 25.685
5 4047 201.087 111.083 17.914 7.769 39.465 24.784
6 3518 166.366 87.062 15.321 6.726 32.182 25.006
7 3525 170.942 88.229 12.515 7.969 39.054 23.127
8 3526 206.696 120.18 16.803 9.471 29.105 31.079
9 3519 212.393 129.458 17.173 8.416 30.468 26.825
10 2843 162.117 87.667 13.059 5.153 32.806 23.368
11 4608 257.49 144.46 23.644 8.902 42.92 37.517
12 2945 145.195 67.579 12.533 6.966 37.396 20.674
13 3515 192.301 86.367 15.07 8.48 44.018 38.324
14 2940 172.931 92.276 11.406 5.747 43.039 20.406
15 4126 228.886 127.857 15.699 9.734 47.544 28.007
16 3522 187.835 102.511 12.79 8.179 39.213 25.093
17 3529 185.947 94.402 16.714 7.004 37.229 30.516
18 4558 224.536 108.41 23.237 8.965 46.291 37.585
19 3476 200.236 99.677 15.756 7.015 43.091 34.642
20 2940 183.325 95.46 16.333 7.942 36.053 27.48
21 2959 171.028 84.553 14.102 6.466 35.711 30.142
22 4116 253.106 129.009 22.94 10.625 51.411 39.075
23 4694 245.12 122.243 18.363 10.922 58.533 35.011
24 3529 204.954 85.637 14.062 7.212 67.395 30.585
25 3528 200.319 107.46 18.489 7.036 36.078 31.203
26 4691 275.725 144.619 19.08 10.233 52.633 49.088
27 2361 132.399 60.805 11.089 4.911 36.397 19.142
28 2354 131.713 61.465 11.952 5.068 35.253 17.927
29 2948 165.447 77.249 15.418 6.28 43.294 23.158
30 4715 256.853 119.117 24.754 10.115 63.003 39.814
31 2934 180.533 87.884 15.611 6.237 43.282 27.466
32 2357 144.022 71.267 13.252 5.613 32.088 21.748
33 2926 178.55 88.58 12.693 6.838 39.942 30.451
34 4119 236.362 113.048 19.502 11.069 59.794 32.897
35 2938 189.149 83.96 16.037 6.252 44.225 38.626
36 2358 140.313 65.494 10.485 5.171 35.653 23.461
37 2358 159.347 78.891 13.1 5.2 34.398 27.709
38 2345 147.992 71.144 13.717 4.543 35.003 23.537
39 4096 273.354 139.795 22.266 8.91 65.469 36.851
40 3521 256.007 134.839 17.647 9.803 51.61 42.052
41 2350 171.979 87.27 10.931 6.17 38.277 29.276
42 4108 288.629 149.407 19.525 10.211 61.435 47.999
43 4706 335.086 173.176 24.308 10.379 70.827 56.333
44 3519 230.434 114.477 18.855 7.67 59.063 30.308
45 3536 236.538 123.544 16.193 7.474 55.906 33.373
46 2353 219.356 96.98 13.463 6.687 72.354 29.829
47 4101 272.284 147.062 21.778 8.374 40.16 54.862
48 2350 159.308 80.75 14.411 4.995 30.285 28.82
49 3513 250.721 148.03 20.427 7.829 39.668 34.724
50 4107 318.179 187.484 21.626 10.106 58.944 39.966
51 2940 201.915 104.399 15.824 6.211 48.38 27.052
52 3517 244.872 131.79 18.852 7.214 54.192 32.773
53 3490 258.163 145.479 15.91 8.865 57.152 30.703
54 4117 301.826 156.442 19.356 13.512 71.639 40.828
55 3543 267.788 149.48 19.39 8.966 56.625 33.278
56 2930 211.707 121.194 14.235 6.251 43.067 26.916
57 2354 193.568 115.108 11.039 6.294 36.434 24.643

[Trie Persist Latency (size (MiB); duration (ms); write_performance (KiB/s))]
0.875244140625 11.938271 0.07507368529328912
1.31 14.641228 0.09162073017372588
1.94 21.236265 0.09354563997011715
2.36 29.695883 0.08137963097443508
2.28 30.952092 0.075430119553793
2.16 24.22647 0.09129848467399503
2.26 31.187319 0.07420451883023353
2.38 22.87111 0.10655888586080867
2.46 24.857129 0.1013407461497263
2.2 26.760675 0.08418322781469452
3.24 35.861462 0.09251602737222482
2.41 26.722939 0.09234912372475199
2.82 36.868566 0.07832363211522791
2.52 35.296001 0.0731096987446255
3.31 36.008493 0.09412890453371653
3.03 31.809271 0.09754137402268664
3.12 30.525797 0.10466164077550538
3.86 39.106688 0.10107324864739248
3.18 36.332935 0.08962446881871779
2.9 30.516294 0.09731194751236831
2.89 31.06712 0.09525697908270866
3.79 44.581294 0.0870535521019197
4.23 50.964042 0.08499168884602992
3.52 42.562926 0.08468590716719053
3.55 27.599273 0.13171361434049367
4.41 42.95025 0.10514118078474514
2.65 29.534328 0.09187952405756447
2.67 31.015532 0.08815196205565651
3.21 38.013075 0.08647129967780823
4.56 51.669272 0.09037170099861287
3.24 37.66127 0.08809474561001261
2.78 27.971968 0.10177045819586236
3.29 34.148074 0.09865739426475414
4.27 50.534938 0.08652390154312646
3.35 38.575807 0.08892620185496054
2.85 31.170866 0.0936258877119423
2.85 30.795615 0.09476673870614372
2.87 31.21008 0.09416444943428533
4.38 56.631135 0.07919883647043273
3.93 46.323043 0.0868751217401672
2.92 33.605726 0.08897531331416558
4.46 53.209399 0.08583145244696337
4.93 61.962841 0.08147334625925237
4.03 51.738535 0.0797610523761448
3.99 48.851226 0.08363679552279815
3.01 68.699621 0.04486545857363609
4.56 32.7206 0.14270642958869947
3.01 27.448107 0.11229335414642619
4.11 33.951937 0.12395875970198697
4.6 52.099625 0.09041139931429448
3.61 43.161731 0.08564624064776272
4.16 49.049004 0.08684865445993563
4.16 50.890289 0.0837063432671801
4.68 63.480047 0.07549332784835525
4.25 50.124216 0.08682430065340074
3.65 38.924564 0.09602162788515756
3.09 32.167402 0.09836541975009358
