verbosity: 3
Remaining arguments: --gcmode=archive
Starting AuditChain gateway with validator url: 141.223.121.124:3009
Starting AuditChain gateway... You MUST migrate contracts via migrate_contracts script after geth is fully started.
geth --config ../eth-data/geth-config.toml --verbosity 3 --gcmode=archive
INFO [07-25|14:04:29.012] Starting Geth on Ethereum mainnet... 
INFO [07-25|14:04:29.012] Bumping default cache on mainnet         provided=1024 updated=4096
INFO [07-25|14:04:29.012] Enabling metrics collection 
INFO [07-25|14:04:29.013] Maximum peer count                       ETH=50 LES=0 total=50
INFO [07-25|14:04:29.013] Smartcard socket not found, disabling    err="stat /run/pcscd/pcscd.comm: no such file or directory"
WARN [07-25|14:04:29.014] Disable transaction unindexing for archive node 
INFO [07-25|14:04:29.014] Enabling recording of key preimages since archive mode is used 
INFO [07-25|14:04:29.014] Set global gas cap                       cap=50,000,000
INFO [07-25|14:04:29.015] Allocated trie memory caches             clean=1.20GiB dirty=0.00B
INFO [07-25|14:04:29.015] Using pebble as the backing database 
INFO [07-25|14:04:29.015] Allocated cache and file handles         database=/home/sslab/integ/eth-data/geth/chaindata cache=2.00GiB handles=524,288
INFO [07-25|14:04:29.032] Opened ancient database                  database=/home/sslab/integ/eth-data/geth/chaindata/ancient/chain readonly=false
INFO [07-25|14:04:29.032] Initialising Ethereum protocol           network=423,423 dbversion=<nil>
INFO [07-25|14:04:29.033]  
INFO [07-25|14:04:29.033] --------------------------------------------------------------------------------------------------------------------------------------------------------- 
INFO [07-25|14:04:29.033] Chain ID:  423423 (unknown) 
INFO [07-25|14:04:29.033] Consensus: Clique (proof-of-authority) 
INFO [07-25|14:04:29.033]  
INFO [07-25|14:04:29.033] Pre-Merge hard forks (block based): 
INFO [07-25|14:04:29.033]  - Homestead:                   #0        (https://github.com/ethereum/execution-specs/blob/master/network-upgrades/mainnet-upgrades/homestead.md) 
INFO [07-25|14:04:29.033]  - Tangerine Whistle (EIP 150): #0        (https://github.com/ethereum/execution-specs/blob/master/network-upgrades/mainnet-upgrades/tangerine-whistle.md) 
INFO [07-25|14:04:29.033]  - Spurious Dragon/1 (EIP 155): #0        (https://github.com/ethereum/execution-specs/blob/master/network-upgrades/mainnet-upgrades/spurious-dragon.md) 
INFO [07-25|14:04:29.033]  - Spurious Dragon/2 (EIP 158): #0        (https://github.com/ethereum/execution-specs/blob/master/network-upgrades/mainnet-upgrades/spurious-dragon.md) 
INFO [07-25|14:04:29.033]  - Byzantium:                   #0        (https://github.com/ethereum/execution-specs/blob/master/network-upgrades/mainnet-upgrades/byzantium.md) 
INFO [07-25|14:04:29.033]  - Constantinople:              #0        (https://github.com/ethereum/execution-specs/blob/master/network-upgrades/mainnet-upgrades/constantinople.md) 
INFO [07-25|14:04:29.033]  - Petersburg:                  #0        (https://github.com/ethereum/execution-specs/blob/master/network-upgrades/mainnet-upgrades/petersburg.md) 
INFO [07-25|14:04:29.033]  - Istanbul:                    #0        (https://github.com/ethereum/execution-specs/blob/master/network-upgrades/mainnet-upgrades/istanbul.md) 
INFO [07-25|14:04:29.033]  - Berlin:                      #0        (https://github.com/ethereum/execution-specs/blob/master/network-upgrades/mainnet-upgrades/berlin.md) 
INFO [07-25|14:04:29.033]  - London:                      #<nil> (https://github.com/ethereum/execution-specs/blob/master/network-upgrades/mainnet-upgrades/london.md) 
INFO [07-25|14:04:29.033]  
INFO [07-25|14:04:29.033] The Merge is not yet available for this network! 
INFO [07-25|14:04:29.033]  - Hard-fork specification: https://github.com/ethereum/execution-specs/blob/master/network-upgrades/mainnet-upgrades/paris.md 
INFO [07-25|14:04:29.033]  
INFO [07-25|14:04:29.033] Post-Merge hard forks (timestamp based): 
INFO [07-25|14:04:29.033]  
INFO [07-25|14:04:29.033] --------------------------------------------------------------------------------------------------------------------------------------------------------- 
INFO [07-25|14:04:29.033]  
INFO [07-25|14:04:29.033] Loaded most recent local block           number=0 hash=bf0b2e..275af1 td=131,072 age=55y4mo1w
WARN [07-25|14:04:29.033] Failed to load snapshot                  err="missing or corrupted snapshot"
INFO [07-25|14:04:29.035] Rebuilding state snapshot 
INFO [07-25|14:04:29.035] Resuming state snapshot generation       root=25d014..70318b accounts=0 slots=0 storage=0.00B dangling=0 elapsed="289.175µs"
INFO [07-25|14:04:29.035] Regenerated local transaction journal    transactions=0 accounts=0
INFO [07-25|14:04:29.036] Generated state snapshot                 accounts=3 slots=0 storage=194.00B dangling=0 elapsed="718.786µs"
INFO [07-25|14:04:29.036] Gasprice oracle is ignoring threshold set threshold=2
WARN [07-25|14:04:29.036] Error reading unclean shutdown markers   error="pebble: not found"
WARN [07-25|14:04:29.036] Engine API enabled                       protocol=eth
WARN [07-25|14:04:29.036] Engine API started but chain not configured for merge yet 
INFO [07-25|14:04:29.036] Starting peer-to-peer node               instance=Geth/v1.11.7-unstable-d5cef23e-20240724/linux-amd64/go1.22.4
INFO [07-25|14:04:29.040] New local node record                    seq=1,721,883,869,039 id=c753a128bda4d461 ip=127.0.0.1 udp=30300 tcp=30300
INFO [07-25|14:04:29.040] Started P2P networking                   self=enode://d3da12cceec038b05e4aade93de10dfe34663dde1a2b69fc1966a446a8496b729aa2f58203df369a4074111d9241bb773305b657ffea9f9ace4d36416640853c@127.0.0.1:30300
INFO [07-25|14:04:29.041] IPC endpoint opened                      url=/home/sslab/integ/eth-data/geth.ipc
INFO [07-25|14:04:29.041] Generated JWT secret                     path=/home/sslab/integ/eth-data/geth/jwtsecret
INFO [07-25|14:04:29.041] HTTP server started                      endpoint=127.0.0.1:40000 auth=false prefix= cors= vhosts=localhost
INFO [07-25|14:04:29.041] WebSocket enabled                        url=ws://127.0.0.1:8552
INFO [07-25|14:04:29.041] HTTP server started                      endpoint=127.0.0.1:8552  auth=true  prefix= cors=localhost vhosts=localhost
INFO [07-25|14:04:29.973] [eth/handler] handleBlockBroadcast       number=1
INFO [07-25|14:04:29.973] Stored checkpoint snapshot to disk       number=0 hash=bf0b2e..275af1
INFO [07-25|14:04:29.973] Propagated block                         number=1 hash=fd71c1..70a3c4 recipients=1 duration="457.747µs"
INFO [07-25|14:04:29.973] No block rewards in PoA, so the state remains as is 
INFO [07-25|14:04:29.973] Persisted trie from memory database      nodes=5 size=831.00B time="18.455µs" gcnodes=0 gcsize=0.00B gctime=0s livenodes=0 livesize=0.00B
INFO [07-25|14:04:29.973] Imported new chain segment               number=1 hash=fd71c1..70a3c4 blocks=1 txs=2 mgas=1.548 elapsed="488.854µs" mgasps=3167.220 age=55y4mo1w dirty=0.00B
INFO [07-25|14:04:29.973] Block insertion metrics                  number=1 total="472.166µs" Execution="265.784µs" TrieUpdate="21.461µs" Validation="26.739µs" BlockWrite="82.567µs" OtherCommit="42.772µs"
INFO [07-25|14:04:29.973] Announced block                          number=1 hash=fd71c1..70a3c4 recipients=1 duration="957.766µs"
INFO [07-25|14:04:29.974] [eth/handler] handleBlockBroadcast       number=1
INFO [07-25|14:04:30.778] [eth/handler] handleBlockBroadcast       number=2
INFO [07-25|14:04:30.779] Propagated block                         number=2 hash=ebd4a1..f277e7 recipients=1 duration=37.498ms
INFO [07-25|14:04:30.781] [eth/handler] handleBlockBroadcast       number=2
INFO [07-25|14:04:30.814] [eth/handler] handleBlockBroadcast       number=2
INFO [07-25|14:04:31.110] [eth/handler] handleBlockBroadcast       number=3
INFO [07-25|14:04:31.114] [eth/handler] handleBlockBroadcast       number=3
INFO [07-25|14:04:31.117] [eth/handler] handleBlockBroadcast       number=3
INFO [07-25|14:04:31.187] No block rewards in PoA, so the state remains as is 
INFO [07-25|14:04:31.447] Persisted trie from memory database      nodes=37421 size=4.55MiB time=64.20651ms gcnodes=0 gcsize=0.00B gctime=0s livenodes=0 livesize=0.00B
INFO [07-25|14:04:31.454] Imported new chain segment               number=2 hash=ebd4a1..f277e7 blocks=1 txs=15305 mgas=647.947 elapsed=675.593ms   mgasps=959.079  age=55y4mo1w dirty=0.00B
INFO [07-25|14:04:31.454] Block insertion metrics                  number=2 total=632.472ms   Execution=365.944ms   TrieUpdate=60.396ms   Validation=32.269ms   BlockWrite=112.731ms  OtherCommit=61.066ms
INFO [07-25|14:04:31.454] Announced block                          number=2 hash=ebd4a1..f277e7 recipients=0 duration=712.769ms
INFO [07-25|14:04:31.469] Propagated block                         number=3 hash=57e94c..cfd09e recipients=0 duration=389.543ms
INFO [07-25|14:04:31.524] [eth/handler] handleBlockBroadcast       number=4
INFO [07-25|14:04:31.534] [eth/handler] handleBlockBroadcast       number=4
INFO [07-25|14:04:31.541] [eth/handler] handleBlockBroadcast       number=4
INFO [07-25|14:04:31.796] No block rewards in PoA, so the state remains as is 
INFO [07-25|14:04:31.911] [eth/handler] handleBlockBroadcast       number=5
INFO [07-25|14:04:31.940] [eth/handler] handleBlockBroadcast       number=5
INFO [07-25|14:04:31.963] [eth/handler] handleBlockBroadcast       number=5
INFO [07-25|14:04:32.014] Persisted trie from memory database      nodes=39751 size=5.25MiB time=61.214643ms gcnodes=0 gcsize=0.00B gctime=0s livenodes=0 livesize=0.00B
INFO [07-25|14:04:32.030] Imported new chain segment               number=3 hash=57e94c..cfd09e blocks=1 txs=12334 mgas=509.751 elapsed=561.052ms   mgasps=908.563  age=55y4mo1w dirty=0.00B
INFO [07-25|14:04:32.030] Block insertion metrics                  number=3 total=538.737ms   Execution=305.062ms   TrieUpdate=53.463ms   Validation=22.739ms   BlockWrite=93.231ms   OtherCommit=64.187ms
INFO [07-25|14:04:32.030] Announced block                          number=3 hash=57e94c..cfd09e recipients=0 duration=950.498ms
INFO [07-25|14:04:32.041] Propagated block                         number=4 hash=798c85..824515 recipients=0 duration=544.051ms
INFO [07-25|14:04:32.344] [eth/handler] handleBlockBroadcast       number=6
INFO [07-25|14:04:32.349] [eth/handler] handleBlockBroadcast       number=6
INFO [07-25|14:04:32.368] [eth/handler] handleBlockBroadcast       number=6
INFO [07-25|14:04:32.386] No block rewards in PoA, so the state remains as is 
INFO [07-25|14:04:32.615] Persisted trie from memory database      nodes=45152 size=6.26MiB time=64.817681ms gcnodes=0 gcsize=0.00B gctime=0s livenodes=0 livesize=0.00B
INFO [07-25|14:04:32.623] Imported new chain segment               number=4 hash=798c85..824515 blocks=1 txs=12902 mgas=521.349 elapsed=582.305ms   mgasps=895.318  age=55y4mo1w dirty=0.00B
INFO [07-25|14:04:32.623] Block insertion metrics                  number=4 total=553.637ms   Execution=316.736ms   TrieUpdate=48.919ms   Validation=27.911ms   BlockWrite=93.075ms   OtherCommit=66.934ms
INFO [07-25|14:04:32.623] Announced block                          number=4 hash=798c85..824515 recipients=0 duration=1.125s
INFO [07-25|14:04:32.632] Propagated block                         number=5 hash=6240d8..8b3552 recipients=0 duration=742.790ms
INFO [07-25|14:04:32.721] [eth/handler] handleBlockBroadcast       number=7
INFO [07-25|14:04:32.729] [eth/handler] handleBlockBroadcast       number=7
INFO [07-25|14:04:32.744] [eth/handler] handleBlockBroadcast       number=7
INFO [07-25|14:04:32.959] No block rewards in PoA, so the state remains as is 
INFO [07-25|14:04:33.080] [eth/handler] handleBlockBroadcast       number=8
INFO [07-25|14:04:33.082] [eth/handler] handleBlockBroadcast       number=8
INFO [07-25|14:04:33.116] [eth/handler] handleBlockBroadcast       number=8
INFO [07-25|14:04:33.231] Persisted trie from memory database      nodes=46722 size=6.76MiB time=80.809795ms gcnodes=0 gcsize=0.00B gctime=0s livenodes=0 livesize=0.00B
INFO [07-25|14:04:33.242] Imported new chain segment               number=5 hash=6240d8..8b3552 blocks=1 txs=12326 mgas=491.265 elapsed=610.240ms   mgasps=805.034  age=55y4mo1w dirty=0.00B
INFO [07-25|14:04:33.242] Block insertion metrics                  number=5 total=583.051ms   Execution=300.547ms   TrieUpdate=58.883ms   Validation=26.158ms   BlockWrite=110.879ms  OtherCommit=86.474ms
INFO [07-25|14:04:33.242] Announced block                          number=5 hash=6240d8..8b3552 recipients=0 duration=1.352s
INFO [07-25|14:04:33.251] Propagated block                         number=6 hash=f04486..e6aef5 recipients=0 duration=935.628ms
INFO [07-25|14:04:33.480] [eth/handler] handleBlockBroadcast       number=9
INFO [07-25|14:04:33.493] [eth/handler] handleBlockBroadcast       number=9
INFO [07-25|14:04:33.529] [eth/handler] handleBlockBroadcast       number=9
INFO [07-25|14:04:33.603] No block rewards in PoA, so the state remains as is 
INFO [07-25|14:04:33.881] Persisted trie from memory database      nodes=47350 size=7.10MiB time=73.669911ms gcnodes=0 gcsize=0.00B gctime=0s livenodes=0 livesize=0.00B
INFO [07-25|14:04:33.885] Imported new chain segment               number=6 hash=f04486..e6aef5 blocks=1 txs=11751 mgas=460.766 elapsed=634.565ms   mgasps=726.112  age=55y4mo1w dirty=0.00B
INFO [07-25|14:04:33.885] Block insertion metrics                  number=6 total=605.898ms   Execution=323.524ms   TrieUpdate=58.934ms   Validation=29.591ms   BlockWrite=114.028ms  OtherCommit=79.769ms
INFO [07-25|14:04:33.885] Announced block                          number=6 hash=f04486..e6aef5 recipients=0 duration=1.569s
INFO [07-25|14:04:33.893] Propagated block                         number=7 hash=727ad2..a9d695 recipients=0 duration=1.198s
INFO [07-25|14:04:33.926] [eth/handler] handleBlockBroadcast       number=10
INFO [07-25|14:04:33.962] [eth/handler] handleBlockBroadcast       number=10
INFO [07-25|14:04:34.188] No block rewards in PoA, so the state remains as is 
INFO [07-25|14:04:34.348] [eth/handler] handleBlockBroadcast       number=11
INFO [07-25|14:04:34.388] [eth/handler] handleBlockBroadcast       number=11
INFO [07-25|14:04:34.414] Persisted trie from memory database      nodes=42678 size=6.73MiB time=79.275019ms gcnodes=0 gcsize=0.00B gctime=0s livenodes=0 livesize=0.00B
INFO [07-25|14:04:34.421] Imported new chain segment               number=7  hash=727ad2..a9d695 blocks=1 txs=9988  mgas=384.905 elapsed=528.311ms   mgasps=728.557  age=55y4mo1w dirty=0.00B
INFO [07-25|14:04:34.421] Block insertion metrics                  number=7  total=503.204ms   Execution=270.666ms   TrieUpdate=45.372ms   Validation=19.225ms   BlockWrite=103.396ms  OtherCommit=64.475ms
INFO [07-25|14:04:34.421] Announced block                          number=7  hash=727ad2..a9d695 recipients=0 duration=1.726s
INFO [07-25|14:04:34.441] Propagated block                         number=8  hash=10477b..4abafe recipients=0 duration=1.382s
INFO [07-25|14:04:34.665] No block rewards in PoA, so the state remains as is 
INFO [07-25|14:04:34.759] [eth/handler] handleBlockBroadcast       number=12
INFO [07-25|14:04:34.763] [eth/handler] handleBlockBroadcast       number=12
INFO [07-25|14:04:34.828] [eth/handler] handleBlockBroadcast       number=12
INFO [07-25|14:04:34.906] Persisted trie from memory database      nodes=39161 size=6.42MiB time=78.685054ms gcnodes=0 gcsize=0.00B gctime=0s livenodes=0 livesize=0.00B
INFO [07-25|14:04:34.909] Imported new chain segment               number=8  hash=10477b..4abafe blocks=1 txs=8825  mgas=334.054 elapsed=482.659ms   mgasps=692.110  age=55y4mo1w dirty=0.00B
INFO [07-25|14:04:34.910] Block insertion metrics                  number=8  total=465.346ms   Execution=220.829ms   TrieUpdate=51.396ms   Validation=18.776ms   BlockWrite=100.738ms  OtherCommit=73.556ms
INFO [07-25|14:04:34.910] Announced block                          number=8  hash=10477b..4abafe recipients=0 duration=1.851s
INFO [07-25|14:04:34.916] Propagated block                         number=9  hash=212044..5dde6a recipients=0 duration=1.467s
INFO [07-25|14:04:35.208] [eth/handler] handleBlockBroadcast       number=13
INFO [07-25|14:04:35.232] No block rewards in PoA, so the state remains as is 
INFO [07-25|14:04:35.278] [eth/handler] handleBlockBroadcast       number=13
INFO [07-25|14:04:35.531] Persisted trie from memory database      nodes=50532 size=8.01MiB time=108.678744ms gcnodes=0 gcsize=0.00B gctime=0s livenodes=0 livesize=0.00B
INFO [07-25|14:04:35.537] Imported new chain segment               number=9  hash=212044..5dde6a blocks=1 txs=11756 mgas=441.121 elapsed=621.277ms   mgasps=710.022  age=55y4mo1w dirty=0.00B
INFO [07-25|14:04:35.537] Block insertion metrics                  number=9  total=597.582ms   Execution=292.629ms   TrieUpdate=67.207ms   Validation=27.538ms   BlockWrite=132.565ms  OtherCommit=77.583ms
INFO [07-25|14:04:35.537] Announced block                          number=9  hash=212044..5dde6a recipients=0 duration=2.088s
INFO [07-25|14:04:35.544] Propagated block                         number=10 hash=45ebe6..c9a761 recipients=1 duration=1.646s
INFO [07-25|14:04:35.673] [eth/handler] handleBlockBroadcast       number=14
INFO [07-25|14:04:35.688] [eth/handler] handleBlockBroadcast       number=14
INFO [07-25|14:04:35.759] [eth/handler] handleBlockBroadcast       number=14
INFO [07-25|14:04:35.854] No block rewards in PoA, so the state remains as is 
INFO [07-25|14:04:36.134] [eth/handler] handleBlockBroadcast       number=15
INFO [07-25|14:04:36.134] Persisted trie from memory database      nodes=47465 size=7.78MiB time=114.413291ms gcnodes=0 gcsize=0.00B gctime=0s livenodes=0 livesize=0.00B
INFO [07-25|14:04:36.137] Imported new chain segment               number=10 hash=45ebe6..c9a761 blocks=1 txs=10593 mgas=390.743 elapsed=593.706ms   mgasps=658.142  age=55y4mo1w dirty=0.00B
INFO [07-25|14:04:36.137] Block insertion metrics                  number=10 total=567.664ms   Execution=284.122ms   TrieUpdate=48.596ms   Validation=26.376ms   BlockWrite=132.206ms  OtherCommit=76.316ms
INFO [07-25|14:04:36.138] Announced block                          number=10 hash=45ebe6..c9a761 recipients=0 duration=2.239s
INFO [07-25|14:04:36.150] Propagated block                         number=11 hash=49f429..b690ed recipients=1 duration=1.821s
INFO [07-25|14:04:36.216] [eth/handler] handleBlockBroadcast       number=15
INFO [07-25|14:04:36.431] No block rewards in PoA, so the state remains as is 
INFO [07-25|14:04:36.570] [eth/handler] handleBlockBroadcast       number=16
INFO [07-25|14:04:36.594] [eth/handler] handleBlockBroadcast       number=16
INFO [07-25|14:04:36.687] [eth/handler] handleBlockBroadcast       number=16
INFO [07-25|14:04:36.691] Persisted trie from memory database      nodes=47963 size=7.97MiB time=92.007806ms  gcnodes=0 gcsize=0.00B gctime=0s livenodes=0 livesize=0.00B
INFO [07-25|14:04:36.695] Imported new chain segment               number=11 hash=49f429..b690ed blocks=1 txs=10570 mgas=385.351 elapsed=545.848ms   mgasps=705.968  age=55y4mo1w dirty=0.00B
INFO [07-25|14:04:36.695] Block insertion metrics                  number=11 total=529.232ms   Execution=264.986ms   TrieUpdate=41.243ms   Validation=23.201ms   BlockWrite=112.904ms  OtherCommit=86.844ms
INFO [07-25|14:04:36.695] Announced block                          number=11 hash=49f429..b690ed recipients=0 duration=2.366s
INFO [07-25|14:04:36.702] Propagated block                         number=12 hash=acc010..40b6ef recipients=0 duration=1.964s
INFO [07-25|14:04:36.961] No block rewards in PoA, so the state remains as is 
INFO [07-25|14:04:37.090] [eth/handler] handleBlockBroadcast       number=17
INFO [07-25|14:04:37.193] [eth/handler] handleBlockBroadcast       number=17
INFO [07-25|14:04:37.200] Persisted trie from memory database      nodes=43437 size=7.49MiB time=94.07317ms   gcnodes=0 gcsize=0.00B gctime=0s livenodes=0 livesize=0.00B
INFO [07-25|14:04:37.206] Imported new chain segment               number=12 hash=acc010..40b6ef blocks=1 txs=9391  mgas=337.671 elapsed=503.800ms   mgasps=670.247  age=55y4mo1w dirty=0.00B
INFO [07-25|14:04:37.206] Block insertion metrics                  number=12 total=485.291ms   Execution=240.125ms   TrieUpdate=43.249ms   Validation=18.201ms   BlockWrite=110.216ms  OtherCommit=73.445ms
INFO [07-25|14:04:37.206] Announced block                          number=12 hash=acc010..40b6ef recipients=0 duration=2.467s
INFO [07-25|14:04:37.212] Propagated block                         number=13 hash=a210b5..7c92ab recipients=1 duration=2.025s
INFO [07-25|14:04:37.540] No block rewards in PoA, so the state remains as is 
INFO [07-25|14:04:37.612] [eth/handler] handleBlockBroadcast       number=18
INFO [07-25|14:04:37.733] [eth/handler] handleBlockBroadcast       number=18
INFO [07-25|14:04:37.842] Persisted trie from memory database      nodes=55356 size=9.13MiB time=109.019939ms gcnodes=0 gcsize=0.00B gctime=0s livenodes=0 livesize=0.00B
INFO [07-25|14:04:37.847] Imported new chain segment               number=13 hash=a210b5..7c92ab blocks=1 txs=12305 mgas=438.907 elapsed=635.923ms   mgasps=690.188  age=55y4mo1w dirty=0.00B
INFO [07-25|14:04:37.847] Block insertion metrics                  number=13 total=611.103ms   Execution=304.069ms   TrieUpdate=50.012ms   Validation=32.083ms   BlockWrite=129.406ms  OtherCommit=95.479ms
INFO [07-25|14:04:37.847] Announced block                          number=13 hash=a210b5..7c92ab recipients=0 duration=2.661s
INFO [07-25|14:04:37.855] Propagated block                         number=14 hash=2ebf3c..0db00e recipients=0 duration=2.206s
INFO [07-25|14:04:38.113] [eth/handler] handleBlockBroadcast       number=19
INFO [07-25|14:04:38.123] No block rewards in PoA, so the state remains as is 
INFO [07-25|14:04:38.271] [eth/handler] handleBlockBroadcast       number=19
INFO [07-25|14:04:38.399] Persisted trie from memory database      nodes=46640 size=8.12MiB time=103.216101ms gcnodes=0 gcsize=0.00B gctime=0s livenodes=0 livesize=0.00B
INFO [07-25|14:04:38.404] Imported new chain segment               number=14 hash=2ebf3c..0db00e blocks=1 txs=9991  mgas=350.702 elapsed=549.812ms   mgasps=637.858  age=55y4mo1w dirty=0.00B
INFO [07-25|14:04:38.405] Block insertion metrics                  number=14 total=529.011ms   Execution=247.644ms   TrieUpdate=52.380ms   Validation=23.947ms   BlockWrite=121.704ms  OtherCommit=83.275ms
INFO [07-25|14:04:38.405] Announced block                          number=14 hash=2ebf3c..0db00e recipients=0 duration=2.756s
INFO [07-25|14:04:38.412] Propagated block                         number=15 hash=550f2e..c00ff3 recipients=1 duration=2.294s
INFO [07-25|14:04:38.576] [eth/handler] handleBlockBroadcast       number=20
INFO [07-25|14:04:38.586] [eth/handler] handleBlockBroadcast       number=20
INFO [07-25|14:04:38.703] No block rewards in PoA, so the state remains as is 
INFO [07-25|14:04:38.770] [eth/handler] handleBlockBroadcast       number=20
INFO [07-25|14:04:38.980] Persisted trie from memory database      nodes=47125 size=8.27MiB time=107.802056ms gcnodes=0 gcsize=0.00B gctime=0s livenodes=0 livesize=0.00B
INFO [07-25|14:04:38.986] Imported new chain segment               number=15 hash=550f2e..c00ff3 blocks=1 txs=9971  mgas=349.421 elapsed=574.347ms   mgasps=608.380  age=55y4mo1w dirty=0.00B
INFO [07-25|14:04:38.986] Block insertion metrics                  number=15 total=555.017ms   Execution=272.471ms   TrieUpdate=51.027ms   Validation=21.086ms   BlockWrite=125.505ms  OtherCommit=84.873ms
INFO [07-25|14:04:38.986] Announced block                          number=15 hash=550f2e..c00ff3 recipients=0 duration=2.868s
INFO [07-25|14:04:38.992] Propagated block                         number=16 hash=a0c913..ee10fc recipients=0 duration=2.443s
INFO [07-25|14:04:39.036] [mainLoop] Receive Event: cleanTicker 
INFO [07-25|14:04:39.053] [eth/handler] handleBlockBroadcast       number=21
INFO [07-25|14:04:39.267] [eth/handler] handleBlockBroadcast       number=21
INFO [07-25|14:04:39.289] No block rewards in PoA, so the state remains as is 
INFO [07-25|14:04:39.570] Persisted trie from memory database      nodes=47266 size=8.34MiB time=117.401267ms gcnodes=0 gcsize=0.00B gctime=0s livenodes=0 livesize=0.00B
INFO [07-25|14:04:39.576] Imported new chain segment               number=16 hash=a0c913..ee10fc blocks=1 txs=9969  mgas=345.702 elapsed=584.554ms   mgasps=591.393  age=55y4mo1w dirty=0.00B
INFO [07-25|14:04:39.577] Block insertion metrics                  number=16 total=564.384ms   Execution=276.426ms   TrieUpdate=45.272ms   Validation=21.549ms   BlockWrite=138.503ms  OtherCommit=82.571ms
INFO [07-25|14:04:39.577] Announced block                          number=16 hash=a0c913..ee10fc recipients=0 duration=3.027s
INFO [07-25|14:04:39.580] [eth/handler] handleBlockBroadcast       number=22
INFO [07-25|14:04:39.583] Propagated block                         number=17 hash=6364e5..43e656 recipients=1 duration=2.520s
INFO [07-25|14:04:39.817] [eth/handler] handleBlockBroadcast       number=22
INFO [07-25|14:04:39.922] No block rewards in PoA, so the state remains as is 
INFO [07-25|14:04:40.180] [eth/handler] handleBlockBroadcast       number=23
INFO [07-25|14:04:40.266] Persisted trie from memory database      nodes=54226 size=9.37MiB time=149.512213ms gcnodes=0 gcsize=0.00B gctime=0s livenodes=0 livesize=0.00B
INFO [07-25|14:04:40.274] Imported new chain segment               number=17 hash=6364e5..43e656 blocks=1 txs=11738 mgas=403.157 elapsed=691.672ms   mgasps=582.873  age=55y4mo1w dirty=0.00B
INFO [07-25|14:04:40.274] Block insertion metrics                  number=17 total=665.851ms   Execution=313.946ms   TrieUpdate=62.956ms   Validation=23.582ms   BlockWrite=169.379ms  OtherCommit=95.929ms
INFO [07-25|14:04:40.274] Announced block                          number=17 hash=6364e5..43e656 recipients=0 duration=3.211s
INFO [07-25|14:04:40.283] Propagated block                         number=18 hash=7dc080..fe095a recipients=1 duration=2.694s
INFO [07-25|14:04:40.440] [eth/handler] handleBlockBroadcast       number=23
INFO [07-25|14:04:40.658] No block rewards in PoA, so the state remains as is 
INFO [07-25|14:04:40.715] [eth/handler] handleBlockBroadcast       number=24
INFO [07-25|14:04:41.007] Persisted trie from memory database      nodes=56854 size=9.80MiB time=152.36396ms  gcnodes=0 gcsize=0.00B gctime=0s livenodes=0 livesize=0.00B
INFO [07-25|14:04:41.012] Imported new chain segment               number=18 hash=7dc080..fe095a blocks=1 txs=12325 mgas=418.220 elapsed=729.934ms   mgasps=572.955  age=55y4mo1w dirty=0.00B
INFO [07-25|14:04:41.012] Block insertion metrics                  number=18 total=696.130ms   Execution=342.385ms   TrieUpdate=62.244ms   Validation=23.734ms   BlockWrite=170.223ms  OtherCommit=97.494ms
INFO [07-25|14:04:41.012] Announced block                          number=18 hash=7dc080..fe095a recipients=0 duration=3.423s
INFO [07-25|14:04:41.020] Propagated block                         number=19 hash=1178ce..643c14 recipients=1 duration=2.932s
INFO [07-25|14:04:41.022] [eth/handler] handleBlockBroadcast       number=24
INFO [07-25|14:04:41.308] No block rewards in PoA, so the state remains as is 
INFO [07-25|14:04:41.325] [eth/handler] handleBlockBroadcast       number=25
INFO [07-25|14:04:41.574] Persisted trie from memory database      nodes=47840 size=8.67MiB time=88.416944ms  gcnodes=0 gcsize=0.00B gctime=0s livenodes=0 livesize=0.00B
INFO [07-25|14:04:41.579] Imported new chain segment               number=19 hash=1178ce..643c14 blocks=1 txs=9989  mgas=335.632 elapsed=559.601ms   mgasps=599.769  age=55y4mo1w dirty=0.00B
INFO [07-25|14:04:41.579] Block insertion metrics                  number=19 total=540.368ms   Execution=269.119ms   TrieUpdate=57.805ms   Validation=27.552ms   BlockWrite=105.146ms  OtherCommit=80.679ms
INFO [07-25|14:04:41.579] Announced block                          number=19 hash=1178ce..643c14 recipients=0 duration=3.491s
INFO [07-25|14:04:41.586] Propagated block                         number=20 hash=45e8c5..3b36b4 recipients=0 duration=3.038s
INFO [07-25|14:04:41.592] [eth/handler] handleBlockBroadcast       number=25
INFO [07-25|14:04:41.839] [eth/handler] handleBlockBroadcast       number=26
INFO [07-25|14:04:41.927] No block rewards in PoA, so the state remains as is 
INFO [07-25|14:04:42.171] [eth/handler] handleBlockBroadcast       number=26
INFO [07-25|14:04:42.221] Persisted trie from memory database      nodes=50540 size=9.09MiB time=124.671072ms gcnodes=0 gcsize=0.00B gctime=0s livenodes=0 livesize=0.00B
INFO [07-25|14:04:42.226] Imported new chain segment               number=20 hash=45e8c5..3b36b4 blocks=1 txs=10569 mgas=354.602 elapsed=640.611ms   mgasps=553.537  age=55y4mo1w dirty=0.00B
INFO [07-25|14:04:42.226] Block insertion metrics                  number=20 total=620.198ms   Execution=320.371ms   TrieUpdate=47.919ms   Validation=20.168ms   BlockWrite=146.962ms  OtherCommit=84.725ms
INFO [07-25|14:04:42.227] Announced block                          number=20 hash=45e8c5..3b36b4 recipients=0 duration=3.678s
INFO [07-25|14:04:42.233] Propagated block                         number=21 hash=6b6ad6..e6e941 recipients=1 duration=3.202s
INFO [07-25|14:04:42.341] [eth/handler] handleBlockBroadcast       number=27
INFO [07-25|14:04:42.372] [eth/handler] handleBlockBroadcast       number=27
INFO [07-25|14:04:42.539] No block rewards in PoA, so the state remains as is 
INFO [07-25|14:04:42.694] [eth/handler] handleBlockBroadcast       number=27
INFO [07-25|14:04:42.817] Persisted trie from memory database      nodes=45815 size=8.51MiB time=105.253103ms gcnodes=0 gcsize=0.00B gctime=0s livenodes=0 livesize=0.00B
INFO [07-25|14:04:42.823] Imported new chain segment               number=21 hash=6b6ad6..e6e941 blocks=1 txs=9429  mgas=312.987 elapsed=589.887ms   mgasps=530.588  age=55y4mo1w dirty=0.00B
INFO [07-25|14:04:42.823] Block insertion metrics                  number=21 total=560.505ms   Execution=276.849ms   TrieUpdate=42.456ms   Validation=24.361ms   BlockWrite=125.244ms  OtherCommit=91.540ms
INFO [07-25|14:04:42.823] Announced block                          number=21 hash=6b6ad6..e6e941 recipients=0 duration=3.791s
INFO [07-25|14:04:42.834] Propagated block                         number=22 hash=b8e7ea..2e5d7c recipients=1 duration=3.281s
INFO [07-25|14:04:43.158] [eth/handler] handleBlockBroadcast       number=28
INFO [07-25|14:04:43.258] No block rewards in PoA, so the state remains as is 
INFO [07-25|14:04:43.298] [eth/handler] handleBlockBroadcast       number=29
INFO [07-25|14:04:43.311] [eth/handler] handleBlockBroadcast       number=29
INFO [07-25|14:04:43.612] Persisted trie from memory database      nodes=62175 size=10.79MiB time=131.939527ms gcnodes=0 gcsize=0.00B gctime=0s livenodes=0 livesize=0.00B
INFO [07-25|14:04:43.619] Imported new chain segment               number=22 hash=b8e7ea..2e5d7c blocks=1 txs=13529 mgas=445.839 elapsed=786.026ms   mgasps=567.206  age=55y4mo1w dirty=0.00B
INFO [07-25|14:04:43.619] Block insertion metrics                  number=22 total=761.831ms   Execution=400.086ms   TrieUpdate=68.614ms   Validation=29.909ms   BlockWrite=158.898ms  OtherCommit=104.258ms
INFO [07-25|14:04:43.619] Announced block                          number=22 hash=b8e7ea..2e5d7c recipients=0 duration=4.067s
INFO [07-25|14:04:43.628] Propagated block                         number=23 hash=121910..f62c60 recipients=1 duration=3.474s
INFO [07-25|14:04:43.678] [eth/handler] handleBlockBroadcast       number=29
INFO [07-25|14:04:43.873] [eth/handler] handleBlockBroadcast       number=30
INFO [07-25|14:04:43.886] [eth/handler] handleBlockBroadcast       number=30
INFO [07-25|14:04:44.037] No block rewards in PoA, so the state remains as is 
INFO [07-25|14:04:44.268] [eth/handler] handleBlockBroadcast       number=30
INFO [07-25|14:04:44.373] Persisted trie from memory database      nodes=57784 size=10.27MiB time=131.833918ms gcnodes=0 gcsize=0.00B gctime=0s livenodes=0 livesize=0.00B
INFO [07-25|14:04:44.381] Imported new chain segment               number=23 hash=121910..f62c60 blocks=1 txs=12356 mgas=403.846 elapsed=753.613ms   mgasps=535.879  age=55y4mo1w dirty=0.00B
INFO [07-25|14:04:44.381] Block insertion metrics                  number=23 total=711.705ms   Execution=367.257ms   TrieUpdate=61.627ms   Validation=30.025ms   BlockWrite=159.474ms  OtherCommit=93.256ms
INFO [07-25|14:04:44.381] Announced block                          number=23 hash=121910..f62c60 recipients=0 duration=4.227s
INFO [07-25|14:04:44.389] Propagated block                         number=24 hash=27f36b..82df84 recipients=1 duration=3.695s
INFO [07-25|14:04:44.433] [eth/handler] handleBlockBroadcast       number=31
INFO [07-25|14:04:44.438] [eth/handler] handleBlockBroadcast       number=31
INFO [07-25|14:04:44.736] No block rewards in PoA, so the state remains as is 
INFO [07-25|14:04:44.833] [eth/handler] handleBlockBroadcast       number=31
INFO [07-25|14:04:44.881] [eth/handler] handleBlockBroadcast       number=32
INFO [07-25|14:04:45.055] Persisted trie from memory database      nodes=53094 size=9.71MiB  time=125.200152ms gcnodes=0 gcsize=0.00B gctime=0s livenodes=0 livesize=0.00B
INFO [07-25|14:04:45.063] Imported new chain segment               number=24 hash=27f36b..82df84 blocks=1 txs=11150 mgas=362.738 elapsed=674.215ms   mgasps=538.015  age=55y4mo1w dirty=0.00B
INFO [07-25|14:04:45.063] Block insertion metrics                  number=24 total=648.645ms   Execution=321.273ms   TrieUpdate=51.952ms   Validation=22.031ms   BlockWrite=148.952ms  OtherCommit=104.369ms
INFO [07-25|14:04:45.063] Announced block                          number=24 hash=27f36b..82df84 recipients=0 duration=4.369s
INFO [07-25|14:04:45.071] Propagated block                         number=25 hash=0c6f37..930d7e recipients=1 duration=3.770s
INFO [07-25|14:04:45.307] [eth/handler] handleBlockBroadcast       number=32
INFO [07-25|14:04:45.370] [eth/handler] handleBlockBroadcast       number=33
INFO [07-25|14:04:45.515] No block rewards in PoA, so the state remains as is 
INFO [07-25|14:04:45.809] [eth/handler] handleBlockBroadcast       number=33
INFO [07-25|14:04:45.874] [eth/handler] handleBlockBroadcast       number=34
INFO [07-25|14:04:45.903] Persisted trie from memory database      nodes=57921 size=10.43MiB time=142.817863ms gcnodes=0 gcsize=0.00B gctime=0s livenodes=0 livesize=0.00B
INFO [07-25|14:04:45.912] [eth/handler] handleBlockBroadcast       number=34
INFO [07-25|14:04:45.912] Imported new chain segment               number=25 hash=0c6f37..930d7e blocks=1 txs=12306 mgas=398.894 elapsed=841.857ms   mgasps=473.825  age=55y4mo1w dirty=0.00B
INFO [07-25|14:04:45.912] Block insertion metrics                  number=25 total=807.078ms   Execution=409.633ms   TrieUpdate=67.757ms   Validation=29.436ms   BlockWrite=168.289ms  OtherCommit=131.891ms
INFO [07-25|14:04:45.912] Announced block                          number=25 hash=0c6f37..930d7e recipients=0 duration=4.611s
INFO [07-25|14:04:45.920] Propagated block                         number=26 hash=84adee..298160 recipients=1 duration=4.098s
INFO [07-25|14:04:46.306] No block rewards in PoA, so the state remains as is 
INFO [07-25|14:04:46.377] [eth/handler] handleBlockBroadcast       number=35
INFO [07-25|14:04:46.403] [eth/handler] handleBlockBroadcast       number=34
INFO [07-25|14:04:46.416] [eth/handler] handleBlockBroadcast       number=35
INFO [07-25|14:04:46.608] Persisted trie from memory database      nodes=51423 size=9.59MiB  time=134.884013ms gcnodes=0 gcsize=0.00B gctime=0s livenodes=0 livesize=0.00B
INFO [07-25|14:04:46.616] Imported new chain segment               number=26 hash=84adee..298160 blocks=1 txs=10544 mgas=339.821 elapsed=696.225ms   mgasps=488.090  age=55y4mo1w dirty=0.00B
INFO [07-25|14:04:46.616] Block insertion metrics                  number=26 total=675.878ms   Execution=366.284ms   TrieUpdate=50.840ms   Validation=21.207ms   BlockWrite=153.252ms  OtherCommit=84.238ms
INFO [07-25|14:04:46.616] Announced block                          number=26 hash=84adee..298160 recipients=0 duration=4.793s
INFO [07-25|14:04:46.635] Propagated block                         number=27 hash=5cfe52..b56084 recipients=0 duration=4.307s
INFO [07-25|14:04:46.891] [eth/handler] handleBlockBroadcast       number=36
INFO [07-25|14:04:46.917] No block rewards in PoA, so the state remains as is 
INFO [07-25|14:04:46.951] [eth/handler] handleBlockBroadcast       number=35
INFO [07-25|14:04:47.173] Persisted trie from memory database      nodes=41901 size=8.20MiB  time=107.246618ms gcnodes=0 gcsize=0.00B gctime=0s livenodes=0 livesize=0.00B
INFO [07-25|14:04:47.180] Imported new chain segment               number=27 hash=5cfe52..b56084 blocks=1 txs=8232  mgas=263.970 elapsed=557.455ms   mgasps=473.527  age=55y4mo1w dirty=0.00B
INFO [07-25|14:04:47.180] Block insertion metrics                  number=27 total=541.025ms   Execution=278.036ms   TrieUpdate=37.879ms   Validation=21.762ms   BlockWrite=126.562ms  OtherCommit=76.724ms
INFO [07-25|14:04:47.180] Announced block                          number=27 hash=5cfe52..b56084 recipients=0 duration=4.852s
INFO [07-25|14:04:47.186] Propagated block                         number=28 hash=7130b5..cb5fad recipients=1 duration=4.039s
INFO [07-25|14:04:47.419] [eth/handler] handleBlockBroadcast       number=37
INFO [07-25|14:04:47.447] [eth/handler] handleBlockBroadcast       number=37
INFO [07-25|14:04:47.474] No block rewards in PoA, so the state remains as is 
INFO [07-25|14:04:47.526] [eth/handler] handleBlockBroadcast       number=36
INFO [07-25|14:04:47.715] Persisted trie from memory database      nodes=39404 size=7.84MiB  time=102.903692ms gcnodes=0 gcsize=0.00B gctime=0s livenodes=0 livesize=0.00B
INFO [07-25|14:04:47.722] Imported new chain segment               number=28 hash=7130b5..cb5fad blocks=1 txs=7649  mgas=243.933 elapsed=536.760ms   mgasps=454.453  age=55y4mo1w dirty=0.00B
INFO [07-25|14:04:47.722] Block insertion metrics                  number=28 total=522.080ms   Execution=274.187ms   TrieUpdate=47.374ms   Validation=17.257ms   BlockWrite=118.360ms  OtherCommit=64.834ms
INFO [07-25|14:04:47.722] Announced block                          number=28 hash=7130b5..cb5fad recipients=1 duration=4.575s
INFO [07-25|14:04:47.727] Propagated block                         number=29 hash=6d20e7..bacf72 recipients=0 duration=4.457s
INFO [07-25|14:04:47.925] [eth/handler] handleBlockBroadcast       number=38
INFO [07-25|14:04:47.961] [eth/handler] handleBlockBroadcast       number=38
INFO [07-25|14:04:48.084] No block rewards in PoA, so the state remains as is 
INFO [07-25|14:04:48.103] [eth/handler] handleBlockBroadcast       number=37
INFO [07-25|14:04:48.397] Persisted trie from memory database      nodes=51767 size=9.75MiB  time=141.651585ms gcnodes=0 gcsize=0.00B gctime=0s livenodes=0 livesize=0.00B
INFO [07-25|14:04:48.406] Imported new chain segment               number=29 hash=6d20e7..bacf72 blocks=1 txs=10569 mgas=336.116 elapsed=679.239ms   mgasps=494.841  age=55y4mo1w dirty=0.00B
INFO [07-25|14:04:48.406] Block insertion metrics                  number=29 total=653.415ms   Execution=331.444ms   TrieUpdate=46.009ms   Validation=27.805ms   BlockWrite=168.961ms  OtherCommit=79.139ms
INFO [07-25|14:04:48.406] Announced block                          number=29 hash=6d20e7..bacf72 recipients=0 duration=5.135s
INFO [07-25|14:04:48.430] Propagated block                         number=30 hash=fb1fde..1a6628 recipients=0 duration=4.580s
INFO [07-25|14:04:48.487] [eth/handler] handleBlockBroadcast       number=39
INFO [07-25|14:04:48.671] [eth/handler] handleBlockBroadcast       number=38
INFO [07-25|14:04:48.838] No block rewards in PoA, so the state remains as is 
INFO [07-25|14:04:49.025] [eth/handler] handleBlockBroadcast       number=40
INFO [07-25|14:04:49.036] [mainLoop] Receive Event: cleanTicker 
INFO [07-25|14:04:49.086] [eth/handler] handleBlockBroadcast       number=40
INFO [07-25|14:04:49.190] Persisted trie from memory database      nodes=56579 size=10.49MiB time=156.51964ms  gcnodes=0 gcsize=0.00B gctime=0s livenodes=0 livesize=0.00B
INFO [07-25|14:04:49.201] Imported new chain segment               number=30 hash=fb1fde..1a6628 blocks=1 txs=11757 mgas=372.590 elapsed=788.307ms   mgasps=472.646  age=55y4mo1w dirty=0.00B
INFO [07-25|14:04:49.201] Block insertion metrics                  number=30 total=765.558ms   Execution=403.130ms   TrieUpdate=53.156ms   Validation=24.694ms   BlockWrite=180.428ms  OtherCommit=104.091ms
INFO [07-25|14:04:49.201] Announced block                          number=30 hash=fb1fde..1a6628 recipients=0 duration=5.352s
INFO [07-25|14:04:49.222] Propagated block                         number=31 hash=8f3ec9..79485c recipients=0 duration=4.814s
INFO [07-25|14:04:49.232] [eth/handler] handleBlockBroadcast       number=39
INFO [07-25|14:04:49.570] No block rewards in PoA, so the state remains as is 
INFO [07-25|14:04:49.573] [eth/handler] handleBlockBroadcast       number=41
INFO [07-25|14:04:49.624] [eth/handler] handleBlockBroadcast       number=41
INFO [07-25|14:04:49.847] Persisted trie from memory database      nodes=44689 size=8.78MiB  time=123.985865ms gcnodes=0 gcsize=0.00B gctime=0s livenodes=0 livesize=0.00B
INFO [07-25|14:04:49.855] Imported new chain segment               number=31 hash=8f3ec9..79485c blocks=1 txs=8817  mgas=276.998 elapsed=646.677ms   mgasps=428.341  age=55y4mo1w dirty=0.00B
INFO [07-25|14:04:49.855] Block insertion metrics                  number=31 total=629.654ms   Execution=345.286ms   TrieUpdate=45.538ms   Validation=18.026ms   BlockWrite=141.130ms  OtherCommit=79.620ms
INFO [07-25|14:04:49.855] Announced block                          number=31 hash=8f3ec9..79485c recipients=0 duration=5.447s
INFO [07-25|14:04:49.871] Propagated block                         number=32 hash=87d352..24361b recipients=0 duration=5.005s
INFO [07-25|14:04:50.110] No block rewards in PoA, so the state remains as is 
INFO [07-25|14:04:50.361] Persisted trie from memory database      nodes=39550 size=8.00MiB  time=107.802393ms gcnodes=0 gcsize=0.00B gctime=0s livenodes=0 livesize=0.00B
INFO [07-25|14:04:50.368] Imported new chain segment               number=32 hash=87d352..24361b blocks=1 txs=7630  mgas=240.126 elapsed=508.287ms   mgasps=472.421  age=55y4mo1w dirty=0.00B
INFO [07-25|14:04:50.368] Block insertion metrics                  number=32 total=496.384ms   Execution=238.154ms   TrieUpdate=39.335ms   Validation=21.879ms   BlockWrite=124.101ms  OtherCommit=72.855ms
INFO [07-25|14:04:50.368] Announced block                          number=32 hash=87d352..24361b recipients=0 duration=5.503s
INFO [07-25|14:04:50.374] Propagated block                         number=33 hash=6c9eba..7a4748 recipients=0 duration=5.026s
INFO [07-25|14:04:50.780] No block rewards in PoA, so the state remains as is 
INFO [07-25|14:04:51.114] Persisted trie from memory database      nodes=52485 size=9.99MiB  time=141.56108ms  gcnodes=0 gcsize=0.00B gctime=0s livenodes=0 livesize=0.00B
INFO [07-25|14:04:51.176] Imported new chain segment               number=33 hash=6c9eba..7a4748 blocks=1 txs=10553 mgas=331.995 elapsed=802.817ms   mgasps=413.538  age=55y4mo1w dirty=0.00B
INFO [07-25|14:04:51.176] Block insertion metrics                  number=33 total=782.444ms   Execution=386.928ms   TrieUpdate=47.507ms   Validation=26.346ms   BlockWrite=215.198ms  OtherCommit=106.409ms
INFO [07-25|14:04:51.176] Announced block                          number=33 hash=6c9eba..7a4748 recipients=0 duration=5.828s
INFO [07-25|14:04:51.183] Propagated block                         number=34 hash=e89f31..afb27f recipients=0 duration=5.321s
INFO [07-25|14:04:51.458] No block rewards in PoA, so the state remains as is 
INFO [07-25|14:04:51.656] Persisted trie from memory database      nodes=40090 size=8.14MiB  time=60.915525ms  gcnodes=0 gcsize=0.00B gctime=0s livenodes=0 livesize=0.00B
INFO [07-25|14:04:51.659] Imported new chain segment               number=34 hash=e89f31..afb27f blocks=1 txs=7651  mgas=238.498 elapsed=476.339ms   mgasps=500.688  age=55y4mo1w dirty=0.00B
INFO [07-25|14:04:51.659] Block insertion metrics                  number=34 total=464.600ms   Execution=263.810ms   TrieUpdate=31.597ms   Validation=16.356ms   BlockWrite=73.431ms   OtherCommit=79.353ms
INFO [07-25|14:04:51.659] Announced block                          number=34 hash=e89f31..afb27f recipients=0 duration=5.797s
INFO [07-25|14:04:51.665] Propagated block                         number=35 hash=55e003..5b0c29 recipients=0 duration=5.315s
INFO [07-25|14:04:52.044] No block rewards in PoA, so the state remains as is 
INFO [07-25|14:04:52.333] Persisted trie from memory database      nodes=50205 size=9.72MiB  time=96.89031ms   gcnodes=0 gcsize=0.00B gctime=0s livenodes=0 livesize=0.00B
INFO [07-25|14:04:52.337] Imported new chain segment               number=35 hash=55e003..5b0c29 blocks=1 txs=9988  mgas=310.388 elapsed=673.083ms   mgasps=461.144  age=55y4mo1w dirty=0.00B
INFO [07-25|14:04:52.337] Block insertion metrics                  number=35 total=647.689ms   Execution=354.690ms   TrieUpdate=49.899ms   Validation=26.978ms   BlockWrite=114.364ms  OtherCommit=101.701ms
INFO [07-25|14:04:52.337] Announced block                          number=35 hash=55e003..5b0c29 recipients=0 duration=5.988s
INFO [07-25|14:04:52.344] Propagated block                         number=36 hash=28abf7..2fc7ba recipients=0 duration=5.469s
INFO [07-25|14:04:52.668] No block rewards in PoA, so the state remains as is 
INFO [07-25|14:04:52.928] Persisted trie from memory database      nodes=45410 size=9.01MiB  time=97.493521ms  gcnodes=0 gcsize=0.00B gctime=0s livenodes=0 livesize=0.00B
INFO [07-25|14:04:52.932] Imported new chain segment               number=36 hash=28abf7..2fc7ba blocks=1 txs=8824  mgas=275.952 elapsed=589.206ms   mgasps=468.346  age=55y4mo1w dirty=0.00B
INFO [07-25|14:04:52.932] Block insertion metrics                  number=36 total=571.597ms   Execution=307.254ms   TrieUpdate=48.484ms   Validation=18.783ms   BlockWrite=111.494ms  OtherCommit=85.529ms
INFO [07-25|14:04:52.933] Announced block                          number=36 hash=28abf7..2fc7ba recipients=0 duration=6.058s
INFO [07-25|14:04:52.939] Propagated block                         number=37 hash=bb5fcf..fb97d1 recipients=0 duration=5.534s
INFO [07-25|14:04:53.243] No block rewards in PoA, so the state remains as is 
INFO [07-25|14:04:53.518] Persisted trie from memory database      nodes=45321 size=9.03MiB  time=116.812306ms gcnodes=0 gcsize=0.00B gctime=0s livenodes=0 livesize=0.00B
INFO [07-25|14:04:53.524] Imported new chain segment               number=37 hash=bb5fcf..fb97d1 blocks=1 txs=8806  mgas=272.613 elapsed=585.985ms   mgasps=465.222  age=55y4mo1w dirty=0.00B
INFO [07-25|14:04:53.525] Block insertion metrics                  number=37 total=568.928ms   Execution=287.609ms   TrieUpdate=37.574ms   Validation=22.960ms   BlockWrite=133.650ms  OtherCommit=87.080ms
INFO [07-25|14:04:53.525] Announced block                          number=37 hash=bb5fcf..fb97d1 recipients=0 duration=6.120s
INFO [07-25|14:04:53.544] Propagated block                         number=38 hash=b1ab4e..44cd17 recipients=0 duration=5.635s
INFO [07-25|14:04:53.813] No block rewards in PoA, so the state remains as is 
INFO [07-25|14:04:54.110] Persisted trie from memory database      nodes=45420 size=9.06MiB  time=137.375292ms gcnodes=0 gcsize=0.00B gctime=0s livenodes=0 livesize=0.00B
INFO [07-25|14:04:54.115] Imported new chain segment               number=38 hash=b1ab4e..44cd17 blocks=1 txs=8818  mgas=273.228 elapsed=584.624ms   mgasps=467.357  age=55y4mo1w dirty=0.00B
INFO [07-25|14:04:54.115] Block insertion metrics                  number=38 total=567.654ms   Execution=266.362ms   TrieUpdate=48.138ms   Validation=19.060ms   BlockWrite=153.048ms  OtherCommit=80.994ms
INFO [07-25|14:04:54.115] Announced block                          number=38 hash=b1ab4e..44cd17 recipients=0 duration=6.205s
INFO [07-25|14:04:54.121] Propagated block                         number=39 hash=92c3d5..5e0de0 recipients=0 duration=5.656s
INFO [07-25|14:04:54.430] No block rewards in PoA, so the state remains as is 
INFO [07-25|14:04:54.726] Persisted trie from memory database      nodes=47934 size=9.48MiB  time=133.836801ms gcnodes=0 gcsize=0.00B gctime=0s livenodes=0 livesize=0.00B
INFO [07-25|14:04:54.733] Imported new chain segment               number=39 hash=92c3d5..5e0de0 blocks=1 txs=9415  mgas=289.782 elapsed=612.342ms   mgasps=473.235  age=55y4mo1w dirty=0.00B
INFO [07-25|14:04:54.733] Block insertion metrics                  number=39 total=594.277ms   Execution=291.579ms   TrieUpdate=45.707ms   Validation=21.907ms   BlockWrite=148.155ms  OtherCommit=86.863ms
INFO [07-25|14:04:54.733] Announced block                          number=39 hash=92c3d5..5e0de0 recipients=0 duration=6.267s
INFO [07-25|14:04:54.740] Propagated block                         number=40 hash=e00e93..31e263 recipients=0 duration=5.737s
INFO [07-25|14:04:55.078] No block rewards in PoA, so the state remains as is 
INFO [07-25|14:04:55.385] Persisted trie from memory database      nodes=50837 size=9.96MiB  time=131.387425ms gcnodes=0 gcsize=0.00B gctime=0s livenodes=0 livesize=0.00B
INFO [07-25|14:04:55.391] Imported new chain segment               number=40 hash=e00e93..31e263 blocks=1 txs=10014 mgas=308.916 elapsed=652.656ms   mgasps=473.321  age=55y4mo1w dirty=0.00B
INFO [07-25|14:04:55.392] Block insertion metrics                  number=40 total=633.310ms   Execution=320.221ms   TrieUpdate=46.662ms   Validation=24.257ms   BlockWrite=149.136ms  OtherCommit=92.977ms
INFO [07-25|14:04:55.392] Announced block                          number=40 hash=e00e93..31e263 recipients=0 duration=6.389s
INFO [07-25|14:04:55.398] Propagated block                         number=41 hash=bfb675..5125ec recipients=0 duration=5.842s
INFO [07-25|14:04:55.729] No block rewards in PoA, so the state remains as is 
INFO [07-25|14:04:56.003] Persisted trie from memory database      nodes=46114 size=9.25MiB  time=122.261097ms gcnodes=0 gcsize=0.00B gctime=0s livenodes=0 livesize=0.00B
INFO [07-25|14:04:56.009] Imported new chain segment               number=41 hash=bfb675..5125ec blocks=1 txs=8801  mgas=271.931 elapsed=611.662ms   mgasps=444.576  age=55y4mo1w dirty=0.00B
INFO [07-25|14:04:56.009] Block insertion metrics                  number=41 total=594.539ms   Execution=313.946ms   TrieUpdate=37.531ms   Validation=22.630ms   BlockWrite=136.501ms  OtherCommit=83.878ms
INFO [07-25|14:04:56.009] Announced block                          number=41 hash=bfb675..5125ec recipients=0 duration=6.453s
INFO [07-25|14:04:59.036] [mainLoop] Receive Event: cleanTicker 
INFO [07-25|14:04:59.086] Looking for peers                        peercount=0 tried=0 static=0
INFO [07-25|14:05:05.278] Got interrupt, shutting down... 
INFO [07-25|14:05:05.278] HTTP server stopped                      endpoint=127.0.0.1:40000
INFO [07-25|14:05:05.278] HTTP server stopped                      endpoint=127.0.0.1:8552
INFO [07-25|14:05:05.278] IPC endpoint closed                      url=/home/sslab/integ/eth-data/geth.ipc
INFO [07-25|14:05:05.278] Ethereum protocol stopped 
INFO [07-25|14:05:05.278] Transaction pool stopped 
INFO [07-25|14:05:05.390] Writing clean trie cache to disk         path=/home/sslab/integ/eth-data/geth/triecache threads=32
INFO [07-25|14:05:05.415] Persisted the clean trie cache           path=/home/sslab/integ/eth-data/geth/triecache elapsed=24.285ms
INFO [07-25|14:05:05.415] Blockchain stopped 
